Component: ARM Compiler 5.06 update 5 (build 528) Tool: armlink [4d35e2]

==============================================================================

Section Cross References

    startup_stm32f10x_md.o(RESET) refers to startup_stm32f10x_md.o(STACK) for __initial_sp
    startup_stm32f10x_md.o(RESET) refers to startup_stm32f10x_md.o(.text) for Reset_Handler
    startup_stm32f10x_md.o(RESET) refers to stm32f10x_it.o(i.NMI_Handler) for NMI_Handler
    startup_stm32f10x_md.o(RESET) refers to stm32f10x_it.o(i.HardFault_Handler) for HardFault_Handler
    startup_stm32f10x_md.o(RESET) refers to stm32f10x_it.o(i.MemManage_Handler) for MemManage_Handler
    startup_stm32f10x_md.o(RESET) refers to stm32f10x_it.o(i.BusFault_Handler) for BusFault_Handler
    startup_stm32f10x_md.o(RESET) refers to stm32f10x_it.o(i.UsageFault_Handler) for UsageFault_Handler
    startup_stm32f10x_md.o(RESET) refers to port.o(.emb_text) for SVC_Handler
    startup_stm32f10x_md.o(RESET) refers to stm32f10x_it.o(i.DebugMon_Handler) for DebugMon_Handler
    startup_stm32f10x_md.o(RESET) refers to port.o(i.SysTick_Handler) for SysTick_Handler
    startup_stm32f10x_md.o(RESET) refers to createtask.o(i.EXTI0_IRQHandler) for EXTI0_IRQHandler
    startup_stm32f10x_md.o(RESET) refers to createtask.o(i.EXTI1_IRQHandler) for EXTI1_IRQHandler
    startup_stm32f10x_md.o(RESET) refers to createtask.o(i.EXTI15_10_IRQHandler) for EXTI15_10_IRQHandler
    startup_stm32f10x_md.o(.text) refers to system_stm32f10x.o(i.SystemInit) for SystemInit
    startup_stm32f10x_md.o(.text) refers to entry.o(.ARM.Collect$$$$00000000) for __main
    system_stm32f10x.o(i.SystemCoreClockUpdate) refers to system_stm32f10x.o(.data) for .data
    system_stm32f10x.o(i.SystemInit) refers to system_stm32f10x.o(i.SetSysClockTo72) for SetSysClockTo72
    stm32f10x_adc.o(i.ADC_DeInit) refers to stm32f10x_rcc.o(i.RCC_APB2PeriphResetCmd) for RCC_APB2PeriphResetCmd
    stm32f10x_bkp.o(i.BKP_DeInit) refers to stm32f10x_rcc.o(i.RCC_BackupResetCmd) for RCC_BackupResetCmd
    stm32f10x_can.o(i.CAN_DeInit) refers to stm32f10x_rcc.o(i.RCC_APB1PeriphResetCmd) for RCC_APB1PeriphResetCmd
    stm32f10x_can.o(i.CAN_GetITStatus) refers to stm32f10x_can.o(i.CheckITStatus) for CheckITStatus
    stm32f10x_cec.o(i.CEC_DeInit) refers to stm32f10x_rcc.o(i.RCC_APB1PeriphResetCmd) for RCC_APB1PeriphResetCmd
    stm32f10x_dac.o(i.DAC_DeInit) refers to stm32f10x_rcc.o(i.RCC_APB1PeriphResetCmd) for RCC_APB1PeriphResetCmd
    stm32f10x_flash.o(i.FLASH_EnableWriteProtection) refers to stm32f10x_flash.o(i.FLASH_WaitForLastOperation) for FLASH_WaitForLastOperation
    stm32f10x_flash.o(i.FLASH_EraseAllBank1Pages) refers to stm32f10x_flash.o(i.FLASH_WaitForLastBank1Operation) for FLASH_WaitForLastBank1Operation
    stm32f10x_flash.o(i.FLASH_EraseAllPages) refers to stm32f10x_flash.o(i.FLASH_WaitForLastOperation) for FLASH_WaitForLastOperation
    stm32f10x_flash.o(i.FLASH_EraseOptionBytes) refers to stm32f10x_flash.o(i.FLASH_GetReadOutProtectionStatus) for FLASH_GetReadOutProtectionStatus
    stm32f10x_flash.o(i.FLASH_EraseOptionBytes) refers to stm32f10x_flash.o(i.FLASH_WaitForLastOperation) for FLASH_WaitForLastOperation
    stm32f10x_flash.o(i.FLASH_ErasePage) refers to stm32f10x_flash.o(i.FLASH_WaitForLastOperation) for FLASH_WaitForLastOperation
    stm32f10x_flash.o(i.FLASH_ProgramHalfWord) refers to stm32f10x_flash.o(i.FLASH_WaitForLastOperation) for FLASH_WaitForLastOperation
    stm32f10x_flash.o(i.FLASH_ProgramOptionByteData) refers to stm32f10x_flash.o(i.FLASH_WaitForLastOperation) for FLASH_WaitForLastOperation
    stm32f10x_flash.o(i.FLASH_ProgramWord) refers to stm32f10x_flash.o(i.FLASH_WaitForLastOperation) for FLASH_WaitForLastOperation
    stm32f10x_flash.o(i.FLASH_ReadOutProtection) refers to stm32f10x_flash.o(i.FLASH_WaitForLastOperation) for FLASH_WaitForLastOperation
    stm32f10x_flash.o(i.FLASH_UserOptionByteConfig) refers to stm32f10x_flash.o(i.FLASH_WaitForLastOperation) for FLASH_WaitForLastOperation
    stm32f10x_flash.o(i.FLASH_WaitForLastBank1Operation) refers to stm32f10x_flash.o(i.FLASH_GetBank1Status) for FLASH_GetBank1Status
    stm32f10x_flash.o(i.FLASH_WaitForLastOperation) refers to stm32f10x_flash.o(i.FLASH_GetBank1Status) for FLASH_GetBank1Status
    stm32f10x_gpio.o(i.GPIO_AFIODeInit) refers to stm32f10x_rcc.o(i.RCC_APB2PeriphResetCmd) for RCC_APB2PeriphResetCmd
    stm32f10x_gpio.o(i.GPIO_DeInit) refers to stm32f10x_rcc.o(i.RCC_APB2PeriphResetCmd) for RCC_APB2PeriphResetCmd
    stm32f10x_i2c.o(i.I2C_DeInit) refers to stm32f10x_rcc.o(i.RCC_APB1PeriphResetCmd) for RCC_APB1PeriphResetCmd
    stm32f10x_i2c.o(i.I2C_Init) refers to stm32f10x_rcc.o(i.RCC_GetClocksFreq) for RCC_GetClocksFreq
    stm32f10x_pwr.o(i.PWR_DeInit) refers to stm32f10x_rcc.o(i.RCC_APB1PeriphResetCmd) for RCC_APB1PeriphResetCmd
    stm32f10x_rcc.o(i.RCC_GetClocksFreq) refers to stm32f10x_rcc.o(.data) for .data
[...]
    .constdata                               0x08005bdb   Section      266  myu8g2.o(.constdata)
    .constdata                               0x08005ce5   Section      245  myu8g2.o(.constdata)
    .constdata                               0x08005dda   Section     1994  u8g2_fonts.o(.constdata)
    .constdata                               0x080065a4   Section    10388  u8g2_fonts.o(.constdata)
    .constdata                               0x08008e38   Section       12  u8g2_setup.o(.constdata)
    .constdata                               0x08008e44   Section      344  u8x8_d_ssd1306_128x64_noname.o(.constdata)
    u8x8_d_ssd1306_128x64_noname_powersave0_seq 0x08008e44   Data           5  u8x8_d_ssd1306_128x64_noname.o(.constdata)
    u8x8_d_ssd1306_128x64_noname_powersave1_seq 0x08008e49   Data           5  u8x8_d_ssd1306_128x64_noname.o(.constdata)
    u8x8_d_ssd1306_128x64_noname_flip0_seq   0x08008e4e   Data           7  u8x8_d_ssd1306_128x64_noname.o(.constdata)
    u8x8_d_ssd1306_128x64_noname_flip1_seq   0x08008e55   Data           7  u8x8_d_ssd1306_128x64_noname.o(.constdata)
    u8x8_d_ssd1312_128x64_noname_flip0_seq   0x08008e5c   Data           7  u8x8_d_ssd1306_128x64_noname.o(.constdata)
    u8x8_d_ssd1312_128x64_noname_flip1_seq   0x08008e63   Data           7  u8x8_d_ssd1306_128x64_noname.o(.constdata)
    u8x8_d_ssd1306_128x64_noname_init_seq    0x08008e6a   Data          53  u8x8_d_ssd1306_128x64_noname.o(.constdata)
    u8x8_d_ssd1306_128x64_vcomh0_init_seq    0x08008e9f   Data          53  u8x8_d_ssd1306_128x64_noname.o(.constdata)
    u8x8_d_ssd1306_128x64_alt0_init_seq      0x08008ed4   Data          53  u8x8_d_ssd1306_128x64_noname.o(.constdata)
    u8x8_d_sh1106_128x64_winstar_init_seq    0x08008f09   Data          45  u8x8_d_ssd1306_128x64_noname.o(.constdata)
    u8x8_d_ssd1312_128x64_noname_init_seq    0x08008f36   Data          53  u8x8_d_ssd1306_128x64_noname.o(.constdata)
    u8x8_ssd1306_128x64_noname_display_info  0x08008f6c   Data          24  u8x8_d_ssd1306_128x64_noname.o(.constdata)
    u8x8_sh1106_128x64_noname_display_info   0x08008f84   Data          24  u8x8_d_ssd1306_128x64_noname.o(.constdata)
    .constdata                               0x08008f9c   Section     1074  musictask.o(.constdata)
    .conststring                             0x080093d0   Section       42  menutask.o(.conststring)
    .data                                    0x20000000   Section       20  stm32f10x_rcc.o(.data)
    ADCPrescTable                            0x20000000   Data           4  stm32f10x_rcc.o(.data)
    APBAHBPrescTable                         0x20000004   Data          16  stm32f10x_rcc.o(.data)
    .data                                    0x20000014   Section        1  main.o(.data)
    .data                                    0x20000015   Section        1  main.o(.data)
    .data                                    0x20000016   Section        1  main.o(.data)
    .data                                    0x20000017   Section        1  main.o(.data)
    .data                                    0x20000018   Section       64  tasks.o(.data)
    uxDeletedTasksWaitingCleanUp             0x2000001c   Data           4  tasks.o(.data)
    uxCurrentNumberOfTasks                   0x20000020   Data           4  tasks.o(.data)
    xTickCount                               0x20000024   Data           4  tasks.o(.data)
    uxTopReadyPriority                       0x20000028   Data           4  tasks.o(.data)
    xSchedulerRunning                        0x2000002c   Data           4  tasks.o(.data)
    xPendedTicks                             0x20000030   Data           4  tasks.o(.data)
    xYieldPending                            0x20000034   Data           4  tasks.o(.data)
    xNumOfOverflows                          0x20000038   Data           4  tasks.o(.data)
    uxTaskNumber                             0x2000003c   Data           4  tasks.o(.data)
    xNextTaskUnblockTime                     0x20000040   Data           4  tasks.o(.data)
    xIdleTaskHandle                          0x20000044   Data           4  tasks.o(.data)
    uxSchedulerSuspended                     0x2000004c   Data           4  tasks.o(.data)
    pxDelayedTaskList                        0x20000050   Data           4  tasks.o(.data)
    pxOverflowDelayedTaskList                0x20000054   Data           4  tasks.o(.data)
    .data                                    0x20000058   Section       20  timers.o(.data)
    xTimerQueue                              0x20000058   Data           4  timers.o(.data)
    xTimerTaskHandle                         0x2000005c   Data           4  timers.o(.data)
    xLastTime                                0x20000060   Data           4  timers.o(.data)
    pxCurrentTimerList                       0x20000064   Data           4  timers.o(.data)
    pxOverflowTimerList                      0x20000068   Data           4  timers.o(.data)
    .data                                    0x2000006c   Section        4  port.o(.data)
    uxCriticalNesting                        0x2000006c   Data           4  port.o(.data)
    .data                                    0x20000070   Section       28  heap_4.o(.data)
    pxEnd                                    0x20000070   Data           4  heap_4.o(.data)
    xFreeBytesRemaining                      0x20000074   Data           4  heap_4.o(.data)
    xMinimumEverFreeBytesRemaining           0x20000078   Data           4  heap_4.o(.data)
    xNumberOfSuccessfulAllocations           0x2000007c   Data           4  heap_4.o(.data)
    xNumberOfSuccessfulFrees                 0x20000080   Data           4  heap_4.o(.data)
    xStart                                   0x20000084   Data           8  heap_4.o(.data)
    .data                                    0x2000008c   Section        6  u8x8_cad.o(.data)
    in_transfer                              0x2000008c   Data           1  u8x8_cad.o(.data)
    in_transfer                              0x2000008d   Data           1  u8x8_cad.o(.data)
    in_transfer                              0x2000008e   Data           1  u8x8_cad.o(.data)
    is_data                                  0x2000008f   Data           1  u8x8_cad.o(.data)
    in_transfer                              0x20000090   Data           1  u8x8_cad.o(.data)
    is_data                                  0x20000091   Data           1  u8x8_cad.o(.data)
    .data                                    0x20000094   Section       52  createtask.o(.data)
    .data                                    0x200000c8   Section       28  menutask.o(.data)
    itemName                                 0x200000cc   Data          24  menutask.o(.data)
    .data                                    0x200000e4   Section        4  musictask.o(.data)
    .data                                    0x200000e8   Section        4  stdout.o(.data)
    .bss                                     0x200000ec   Section      148  myu8g2.o(.bss)
    .bss                                     0x20000180   Section       80  queue.o(.bss)
    .bss                                     0x200001d0   Section      200  tasks.o(.bss)
    pxReadyTasksLists                        0x200001d0   Data         100  tasks.o(.bss)
    xDelayedTaskList1                        0x20000234   Data          20  tasks.o(.bss)
    xDelayedTaskList2                        0x20000248   Data          20  tasks.o(.bss)
    xPendingReadyList                        0x2000025c   Data          20  tasks.o(.bss)
    xTasksWaitingTermination                 0x20000270   Data          20  tasks.o(.bss)
    xSuspendedTaskList                       0x20000284   Data          20  tasks.o(.bss)
    .bss                                     0x20000298   Section       40  timers.o(.bss)
    xActiveTimerList1                        0x20000298   Data          20  timers.o(.bss)
    xActiveTimerList2                        0x200002ac   Data          20  timers.o(.bss)
    .bss                                     0x200002c0   Section    17408  heap_4.o(.bss)
    ucHeap                                   0x200002c0   Data       17408  heap_4.o(.bss)
    .bss                                     0x200046c0   Section     1024  u8g2_d_memory.o(.bss)
    buf                                      0x200046c0   Data        1024  u8g2_d_memory.o(.bss)
    .bss                                     0x20004ac0   Section       20  createtask.o(.bss)
    .bss                                     0x20004ad4   Section      128  menutask.o(.bss)
    STACK                                    0x20004b58   Section     1024  startup_stm32f10x_md.o(STACK)

    Global Symbols

    Symbol Name                              Value     Ov Type        Size  Object(Section)

    BuildAttributes$$THM_ISAv4$P$D$K$B$S$PE$A:L22UL41UL21$X:L11$S22US41US21$IEEE1$IW$USESV6$~STKCKD$USESV7$~SHL$OSPACE$ROPI$EBA8$MICROLIB$REQ8$PRES8$EABIv2 0x00000000   Number         0  anon$$obj.o ABSOLUTE
    __ARM_use_no_argv                        0x00000000   Number         0  main.o ABSOLUTE
    _printf_a                                0x00000000   Number         0  stubs.o ABSOLUTE
    _printf_c                                0x00000000   Number         0  stubs.o ABSOLUTE
    _printf_charcount                        0x00000000   Number         0  stubs.o ABSOLUTE
    _printf_d                                0x00000000   Number         0  stubs.o ABSOLUTE
    _printf_e                                0x00000000   Number         0  stubs.o ABSOLUTE
    _printf_f                                0x00000000   Number         0  stubs.o ABSOLUTE
    _printf_flags                            0x00000000   Number         0  stubs.o ABSOLUTE
    _printf_fp_dec                           0x00000000   Number         0  stubs.o ABSOLUTE
    _printf_fp_hex                           0x00000000   Number         0  stubs.o ABSOLUTE
    _printf_g                                0x00000000   Number         0  stubs.o ABSOLUTE
    _printf_i                                0x00000000   Number         0  stubs.o ABSOLUTE
    _printf_int_dec                          0x00000000   Number         0  stubs.o ABSOLUTE
    _printf_l                                0x00000000   Number         0  stubs.o ABSOLUTE
    _printf_lc                               0x00000000   Number         0  stubs.o ABSOLUTE
    _printf_ll                               0x00000000   Number         0  stubs.o ABSOLUTE
    _printf_lld                              0x00000000   Number         0  stubs.o ABSOLUTE
    _printf_lli                              0x00000000   Number         0  stubs.o ABSOLUTE
    _printf_llo                              0x00000000   Number         0  stubs.o ABSOLUTE
    _printf_llu                              0x00000000   Number         0  stubs.o ABSOLUTE
    _printf_llx                              0x00000000   Number         0  stubs.o ABSOLUTE
    _printf_longlong_dec                     0x00000000   Number         0  stubs.o ABSOLUTE
    _printf_longlong_hex                     0x00000000   Number         0  stubs.o ABSOLUTE
    _printf_longlong_oct                     0x00000000   Number         0  stubs.o ABSOLUTE
    _printf_ls                               0x00000000   Number         0  stubs.o ABSOLUTE
    _printf_mbtowc                           0x00000000   Number         0  stubs.o ABSOLUTE
    _printf_n                                0x00000000   Number         0  stubs.o ABSOLUTE
    _printf_o                                0x00000000   Number         0  stubs.o ABSOLUTE
    _printf_p                                0x00000000   Number         0  stubs.o ABSOLUTE
    _printf_percent                          0x00000000   Number         0  stubs.o ABSOLUTE
    _printf_pre_padding                      0x00000000   Number         0  stubs.o ABSOLUTE
    _printf_return_value                     0x00000000   Number         0  stubs.o ABSOLUTE
    _printf_s                                0x00000000   Number         0  stubs.o ABSOLUTE
    _printf_sizespec                         0x00000000   Number         0  stubs.o ABSOLUTE
    _printf_str                              0x00000000   Number         0  stubs.o ABSOLUTE
    _printf_truncate_signed                  0x00000000   Number         0  stubs.o ABSOLUTE
    _printf_truncate_unsigned                0x00000000   Number         0  stubs.o ABSOLUTE
    _printf_u                                0x00000000   Number         0  stubs.o ABSOLUTE
    _printf_wc                               0x00000000   Number         0  stubs.o ABSOLUTE
    _printf_wctomb                           0x00000000   Number         0  stubs.o ABSOLUTE
    _printf_widthprec                        0x00000000   Number         0  stubs.o ABSOLUTE
    _printf_x                                0x00000000   Number         0  stubs.o ABSOLUTE
    __cpp_initialize__aeabi_                  - Undefined Weak Reference
    __cxa_finalize                            - Undefined Weak Reference
    __decompress                              - Undefined Weak Reference
    _clock_init                               - Undefined Weak Reference
    _microlib_exit                            - Undefined Weak Reference
    __Vectors_Size                           0x000000ec   Number         0  startup_stm32f10x_md.o ABSOLUTE
    __Vectors                                0x08000000   Data           4  startup_stm32f10x_md.o(RESET)
    __Vectors_End                            0x080000ec   Data           0  startup_stm32f10x_md.o(RESET)
    __main                                   0x080000ed   Thumb Code     0  entry.o(.ARM.Collect$$$$00000000)
    _main_stk                                0x080000ed   Thumb Code     0  entry2.o(.ARM.Collect$$$$00000001)
    _main_scatterload                        0x080000f1   Thumb Code     0  entry5.o(.ARM.Collect$$$$00000004)
    __main_after_scatterload                 0x080000f5   Thumb Code     0  entry5.o(.ARM.Collect$$$$00000004)
    _main_clock                              0x080000f5   Thumb Code     0  entry7b.o(.ARM.Collect$$$$00000008)
    _main_cpp_init                           0x080000f5   Thumb Code     0  entry8b.o(.ARM.Collect$$$$0000000A)
    _main_init                               0x080000f5   Thumb Code     0  entry9a.o(.ARM.Collect$$$$0000000B)
    __rt_final_cpp                           0x080000fd   Thumb Code     0  entry10a.o(.ARM.Collect$$$$0000000D)
    __rt_final_exit                          0x080000fd   Thumb Code     0  entry11a.o(.ARM.Collect$$$$0000000F)
    SVC_Handler                              0x08000101   Thumb Code    32  port.o(.emb_text)
    __asm___6_port_c_39a90d8d__prvStartFirstTask 0x08000125   Thumb Code    28  port.o(.emb_text)
    PendSV_Handler                           0x08000145   Thumb Code    72  port.o(.emb_text)
    vPortGetIPSR                             0x08000191   Thumb Code     6  port.o(.emb_text)
    Reset_Handler                            0x08000199   Thumb Code     8  startup_stm32f10x_md.o(.text)
    ADC1_2_IRQHandler                        0x080001b3   Thumb Code     0  startup_stm32f10x_md.o(.text)
    CAN1_RX1_IRQHandler                      0x080001b3   Thumb Code     0  startup_stm32f10x_md.o(.text)
    CAN1_SCE_IRQHandler                      0x080001b3   Thumb Code     0  startup_stm32f10x_md.o(.text)
    DMA1_Channel1_IRQHandler                 0x080001b3   Thumb Code     0  startup_stm32f10x_md.o(.text)
    DMA1_Channel2_IRQHandler                 0x080001b3   Thumb Code     0  startup_stm32f10x_md.o(.text)
    DMA1_Channel3_IRQHandler                 0x080001b3   Thumb Code     0  startup_stm32f10x_md.o(.text)
    DMA1_Channel4_IRQHandler                 0x080001b3   Thumb Code     0  startup_stm32f10x_md.o(.text)
    DMA1_Channel5_IRQHandler                 0x080001b3   Thumb Code     0  startup_stm32f10x_md.o(.text)
    DMA1_Channel6_IRQHandler                 0x080001b3   Thumb Code     0  startup_stm32f10x_md.o(.text)
    DMA1_Channel7_IRQHandler                 0x080001b3   Thumb Code     0  startup_stm32f10x_md.o(.text)
    EXTI2_IRQHandler                         0x080001b3   Thumb Code     0  startup_stm32f10x_md.o(.text)
    EXTI3_IRQHandler                         0x080001b3   Thumb Code     0  startup_stm32f10x_md.o(.text)
    EXTI4_IRQHandler                         0x080001b3   Thumb Code     0  startup_stm32f10x_md.o(.text)
    EXTI9_5_IRQHandler                       0x080001b3   Thumb Code     0  startup_stm32f10x_md.o(.text)
    FLASH_IRQHandler                         0x080001b3   Thumb Code     0  startup_stm32f10x_md.o(.text)
    I2C1_ER_IRQHandler                       0x080001b3   Thumb Code     0  startup_stm32f10x_md.o(.text)
    I2C1_EV_IRQHandler                       0x080001b3   Thumb Code     0  startup_stm32f10x_md.o(.text)
    I2C2_ER_IRQHandler                       0x080001b3   Thumb Code     0  startup_stm32f10x_md.o(.text)
    I2C2_EV_IRQHandler                       0x080001b3   Thumb Code     0  startup_stm32f10x_md.o(.text)
    PVD_IRQHandler                           0x080001b3   Thumb Code     0  startup_stm32f10x_md.o(.text)
    RCC_IRQHandler                           0x080001b3   Thumb Code     0  startup_stm32f10x_md.o(.text)
    RTCAlarm_IRQHandler                      0x080001b3   Thumb Code     0  startup_stm32f10x_md.o(.text)
    RTC_IRQHandler                           0x080001b3   Thumb Code     0  startup_stm32f10x_md.o(.text)
    SPI1_IRQHandler                          0x080001b3   Thumb Code     0  startup_stm32f10x_md.o(.text)
    SPI2_IRQHandler                          0x080001b3   Thumb Code     0  startup_stm32f10x_md.o(.text)
    TAMPER_IRQHandler                        0x080001b3   Thumb Code     0  startup_stm32f10x_md.o(.text)
    TIM1_BRK_IRQHandler                      0x080001b3   Thumb Code     0  startup_stm32f10x_md.o(.text)
    TIM1_CC_IRQHandler                       0x080001b3   Thumb Code     0  startup_stm32f10x_md.o(.text)
    TIM1_TRG_COM_IRQHandler                  0x080001b3   Thumb Code     0  startup_stm32f10x_md.o(.text)
    TIM1_UP_IRQHandler                       0x080001b3   Thumb Code     0  startup_stm32f10x_md.o(.text)
    TIM2_IRQHandler                          0x080001b3   Thumb Code     0  startup_stm32f10x_md.o(.text)
    TIM3_IRQHandler                          0x080001b3   Thumb Code     0  startup_stm32f10x_md.o(.text)
    TIM4_IRQHandler                          0x080001b3   Thumb Code     0  startup_stm32f10x_md.o(.text)
    USART1_IRQHandler                        0x080001b3   Thumb Code     0  startup_stm32f10x_md.o(.text)
    USART2_IRQHandler                        0x080001b3   Thumb Code     0  startup_stm32f10x_md.o(.text)
    USART3_IRQHandler                        0x080001b3   Thumb Code     0  startup_stm32f10x_md.o(.text)
    USBWakeUp_IRQHandler                     0x080001b3   Thumb Code     0  startup_stm32f10x_md.o(.text)
    USB_HP_CAN1_TX_IRQHandler                0x080001b3   Thumb Code     0  startup_stm32f10x_md.o(.text)
    USB_LP_CAN1_RX0_IRQHandler               0x080001b3   Thumb Code     0  startup_stm32f10x_md.o(.text)
    WWDG_IRQHandler                          0x080001b3   Thumb Code     0  startup_stm32f10x_md.o(.text)
    __aeabi_memcpy                           0x080001bd   Thumb Code    36  memcpya.o(.text)
    __aeabi_memcpy4                          0x080001bd   Thumb Code     0  memcpya.o(.text)
    __aeabi_memcpy8                          0x080001bd   Thumb Code     0  memcpya.o(.text)
    __aeabi_memset                           0x080001e1   Thumb Code    14  memseta.o(.text)
    __aeabi_memset4                          0x080001e1   Thumb Code     0  memseta.o(.text)
    __aeabi_memset8                          0x080001e1   Thumb Code     0  memseta.o(.text)
    __aeabi_memclr                           0x080001ef   Thumb Code     4  memseta.o(.text)
    __aeabi_memclr4                          0x080001ef   Thumb Code     0  memseta.o(.text)
    __aeabi_memclr8                          0x080001ef   Thumb Code     0  memseta.o(.text)
    _memset$wrapper                          0x080001f3   Thumb Code    18  memseta.o(.text)
    __aeabi_dmul                             0x08000205   Thumb Code   228  dmul.o(.text)
    __aeabi_ddiv                             0x080002e9   Thumb Code   222  ddiv.o(.text)
    __aeabi_i2d                              0x080003c7   Thumb Code    34  dflti.o(.text)
    __aeabi_ui2d                             0x080003e9   Thumb Code    26  dfltui.o(.text)
    __aeabi_d2uiz                            0x08000403   Thumb Code    50  dfixui.o(.text)
    __aeabi_uidiv                            0x08000435   Thumb Code     0  uidiv.o(.text)
    __aeabi_uidivmod                         0x08000435   Thumb Code    44  uidiv.o(.text)
    __aeabi_llsr                             0x08000461   Thumb Code    32  llushr.o(.text)
    _ll_ushift_r                             0x08000461   Thumb Code     0  llushr.o(.text)
    __I$use$fp                               0x08000481   Thumb Code     0  iusefp.o(.text)
    _double_round                            0x08000481   Thumb Code    30  depilogue.o(.text)
    _double_epilogue                         0x0800049f   Thumb Code   156  depilogue.o(.text)
    __scatterload                            0x0800053d   Thumb Code    28  init.o(.text)
    __scatterload_rt2                        0x0800053d   Thumb Code     0  init.o(.text)
    __aeabi_llsl                             0x08000561   Thumb Code    30  llshl.o(.text)
    _ll_shift_l                              0x08000561   Thumb Code     0  llshl.o(.text)
    BusFault_Handler                         0x0800057f   Thumb Code     2  stm32f10x_it.o(i.BusFault_Handler)
    CreateAllTask                            0x08000581   Thumb Code   232  createtask.o(i.CreateAllTask)
    DebugMon_Handler                         0x08000709   Thumb Code     2  stm32f10x_it.o(i.DebugMon_Handler)
    Delay_ms                                 0x0800070b   Thumb Code    22  delay.o(i.Delay_ms)
    Delay_s                                  0x08000721   Thumb Code    22  delay.o(i.Delay_s)
    Delay_us                                 0x08000737   Thumb Code    32  delay.o(i.Delay_us)
    DrawUI                                   0x08000759   Thumb Code   248  menutask.o(i.DrawUI)
    EXTI0_IRQHandler                         0x0800085d   Thumb Code    68  createtask.o(i.EXTI0_IRQHandler)
    EXTI15_10_IRQHandler                     0x080008bd   Thumb Code   136  createtask.o(i.EXTI15_10_IRQHandler)
    EXTI1_IRQHandler                         0x08000975   Thumb Code    68  createtask.o(i.EXTI1_IRQHandler)
    EXTI_ClearITPendingBit                   0x080009d5   Thumb Code     6  stm32f10x_exti.o(i.EXTI_ClearITPendingBit)
    EXTI_GetITStatus                         0x080009e1   Thumb Code    28  stm32f10x_exti.o(i.EXTI_GetITStatus)
    EXTI_Init                                0x08000a01   Thumb Code   108  stm32f10x_exti.o(i.EXTI_Init)
    FLASH_PrefetchBufferCmd                  0x08000a71   Thumb Code    18  stm32f10x_flash.o(i.FLASH_PrefetchBufferCmd)
    FLASH_SetLatency                         0x08000a89   Thumb Code    14  stm32f10x_flash.o(i.FLASH_SetLatency)
    GPIO_EXTILineConfig                      0x08000a9d   Thumb Code    34  stm32f10x_gpio.o(i.GPIO_EXTILineConfig)
    GPIO_Init                                0x08000ac5   Thumb Code   162  stm32f10x_gpio.o(i.GPIO_Init)
    GPIO_ReadInputDataBit                    0x08000b67   Thumb Code    14  stm32f10x_gpio.o(i.GPIO_ReadInputDataBit)
    GPIO_SetBits                             0x08000b75   Thumb Code     4  stm32f10x_gpio.o(i.GPIO_SetBits)
    GPIO_WriteBit                            0x08000b79   Thumb Code    10  stm32f10x_gpio.o(i.GPIO_WriteBit)
    GetMPU_Data                              0x08000b83   Thumb Code   146  mpu6050.o(i.GetMPU_Data)
    GetMinStr                                0x08000c15   Thumb Code    30  createtask.o(i.GetMinStr)
    GetSecStr                                0x08000c41   Thumb Code    24  createtask.o(i.GetSecStr)
    Get_AvrData                              0x08000c65   Thumb Code   160  gyrotask.o(i.Get_AvrData)
    Gyro_Task                                0x08000d05   Thumb Code   330  gyrotask.o(i.Gyro_Task)
    HardFault_Handler                        0x08000e95   Thumb Code     2  stm32f10x_it.o(i.HardFault_Handler)
    InitAllItems                             0x08000e99   Thumb Code   188  menutask.o(i.InitAllItems)
    InitItem                                 0x08000f79   Thumb Code    24  menutask.o(i.InitItem)
    ItemMove_Left                            0x08000f91   Thumb Code   274  menutask.o(i.ItemMove_Left)
    ItemMove_Right                           0x080010ad   Thumb Code   274  menutask.o(i.ItemMove_Right)
    KeyPortInit                              0x080011c9   Thumb Code   254  main.o(i.KeyPortInit)
    LedPortInit                              0x080012cd   Thumb Code    36  main.o(i.LedPortInit)
    Led_Task                                 0x080012f5   Thumb Code   246  ledtask.o(i.Led_Task)
    LightOff                                 0x08001479   Thumb Code    38  lighttask.o(i.LightOff)
    LightOn                                  0x080014a9   Thumb Code    52  lighttask.o(i.LightOn)
    LightTwinkle                             0x080014e5   Thumb Code   108  ledtask.o(i.LightTwinkle)
    Light_Task                               0x08001559   Thumb Code   102  lighttask.o(i.Light_Task)
    MPU_Init                                 0x080015d1   Thumb Code    64  mpu6050.o(i.MPU_Init)
    MainClock_Callback                       0x08001611   Thumb Code    12  createtask.o(i.MainClock_Callback)
    MainITF_Task                             0x08001621   Thumb Code   190  mainitf.o(i.MainITF_Task)
    MemManage_Handler                        0x08001711   Thumb Code     2  stm32f10x_it.o(i.MemManage_Handler)
    Menu_Task                                0x08001715   Thumb Code   222  menutask.o(i.Menu_Task)
    MotorPortInit                            0x08001829   Thumb Code   162  main.o(i.MotorPortInit)
    Motor_Task                               0x080018d1   Thumb Code   194  motortask.o(i.Motor_Task)
    MusicPortInit                            0x080019ed   Thumb Code   148  main.o(i.MusicPortInit)
    Music_Task                               0x08001a89   Thumb Code   258  musictask.o(i.Music_Task)
    MyI2C_End                                0x08001bcd   Thumb Code    34  myi2c.o(i.MyI2C_End)
    MyI2C_Init                               0x08001bf1   Thumb Code    52  myi2c.o(i.MyI2C_Init)
    MyI2C_RecArc                             0x08001c29   Thumb Code    42  myi2c.o(i.MyI2C_RecArc)
    MyI2C_RecData                            0x08001c53   Thumb Code    66  myi2c.o(i.MyI2C_RecData)
    MyI2C_SCL_W                              0x08001c95   Thumb Code     8  myi2c.o(i.MyI2C_SCL_W)
    MyI2C_SDA_R                              0x08001ca1   Thumb Code     8  myi2c.o(i.MyI2C_SDA_R)
    MyI2C_SDA_W                              0x08001cad   Thumb Code     8  myi2c.o(i.MyI2C_SDA_W)
    MyI2C_SendArc                            0x08001cb9   Thumb Code    28  myi2c.o(i.MyI2C_SendArc)
    MyI2C_SendData                           0x08001cd5   Thumb Code    56  myi2c.o(i.MyI2C_SendData)
    MyI2C_Start                              0x08001d0d   Thumb Code    42  myi2c.o(i.MyI2C_Start)
    MyU8G2_Init                              0x08001d39   Thumb Code    46  myu8g2.o(i.MyU8G2_Init)
    MyU8G2_SetFontBig                        0x08001d79   Thumb Code     8  myu8g2.o(i.MyU8G2_SetFontBig)
    MyU8G2_SetFontTiny                       0x08001d89   Thumb Code     8  myu8g2.o(i.MyU8G2_SetFontTiny)
    NMI_Handler                              0x08001d99   Thumb Code     2  stm32f10x_it.o(i.NMI_Handler)
    NVIC_Init                                0x08001d9d   Thumb Code    94  misc.o(i.NVIC_Init)
    NVIC_PriorityGroupConfig                 0x08001e01   Thumb Code    10  misc.o(i.NVIC_PriorityGroupConfig)
    PlayMusic                                0x08001e15   Thumb Code   248  musictask.o(i.PlayMusic)
    RCC_APB1PeriphClockCmd                   0x08001f31   Thumb Code    18  stm32f10x_rcc.o(i.RCC_APB1PeriphClockCmd)
    RCC_APB2PeriphClockCmd                   0x08001f49   Thumb Code    18  stm32f10x_rcc.o(i.RCC_APB2PeriphClockCmd)
    RCC_DeInit                               0x08001f61   Thumb Code    50  stm32f10x_rcc.o(i.RCC_DeInit)
    RCC_GetClocksFreq                        0x08001fa1   Thumb Code   128  stm32f10x_rcc.o(i.RCC_GetClocksFreq)
    RCC_GetFlagStatus                        0x08002031   Thumb Code    44  stm32f10x_rcc.o(i.RCC_GetFlagStatus)
    RCC_GetSYSCLKSource                      0x08002061   Thumb Code    10  stm32f10x_rcc.o(i.RCC_GetSYSCLKSource)
    RCC_HCLKConfig                           0x08002071   Thumb Code    14  stm32f10x_rcc.o(i.RCC_HCLKConfig)
    RCC_HSEConfig                            0x08002085   Thumb Code    48  stm32f10x_rcc.o(i.RCC_HSEConfig)
    RCC_HSE_Configuration                    0x080020b9   Thumb Code    98  rcc.o(i.RCC_HSE_Configuration)
    RCC_PCLK1Config                          0x0800211d   Thumb Code    14  stm32f10x_rcc.o(i.RCC_PCLK1Config)
    RCC_PCLK2Config                          0x08002131   Thumb Code    16  stm32f10x_rcc.o(i.RCC_PCLK2Config)
    RCC_PLLCmd                               0x08002145   Thumb Code     6  stm32f10x_rcc.o(i.RCC_PLLCmd)
    RCC_PLLConfig                            0x08002151   Thumb Code    16  stm32f10x_rcc.o(i.RCC_PLLConfig)
    RCC_SYSCLKConfig                         0x08002165   Thumb Code    14  stm32f10x_rcc.o(i.RCC_SYSCLKConfig)
    RCC_WaitForHSEStartUp                    0x08002179   Thumb Code    44  stm32f10x_rcc.o(i.RCC_WaitForHSEStartUp)
    ReadDataFromMPU                          0x080021a5   Thumb Code   112  mpu6050.o(i.ReadDataFromMPU)
    ServoPortInit                            0x08002215   Thumb Code   138  main.o(i.ServoPortInit)
    Servo_Task                               0x080022a9   Thumb Code   190  servotask.o(i.Servo_Task)
    SetAngle                                 0x080023c1   Thumb Code    36  servotask.o(i.SetAngle)
    SetBeep                                  0x080023f5   Thumb Code    90  musictask.o(i.SetBeep)
    SetVecocity                              0x08002505   Thumb Code   120  motortask.o(i.SetVecocity)
    SysTick_Handler                          0x08002581   Thumb Code    38  port.o(i.SysTick_Handler)
    SystemInit                               0x080025ad   Thumb Code    64  system_stm32f10x.o(i.SystemInit)
    TIM_Cmd                                  0x080025fd   Thumb Code    20  stm32f10x_tim.o(i.TIM_Cmd)
    TIM_InternalClockConfig                  0x08002611   Thumb Code    10  stm32f10x_tim.o(i.TIM_InternalClockConfig)
    TIM_OC1Init                              0x0800261d   Thumb Code   106  stm32f10x_tim.o(i.TIM_OC1Init)
    TIM_OC4Init                              0x0800269d   Thumb Code    90  stm32f10x_tim.o(i.TIM_OC4Init)
    TIM_OCStructInit                         0x08002701   Thumb Code    20  stm32f10x_tim.o(i.TIM_OCStructInit)
    TIM_SetAutoreload                        0x08002715   Thumb Code     4  stm32f10x_tim.o(i.TIM_SetAutoreload)
    TIM_SetCompare1                          0x08002719   Thumb Code     4  stm32f10x_tim.o(i.TIM_SetCompare1)
    TIM_SetCompare4                          0x0800271d   Thumb Code     6  stm32f10x_tim.o(i.TIM_SetCompare4)
    TIM_TimeBaseInit                         0x08002725   Thumb Code   114  stm32f10x_tim.o(i.TIM_TimeBaseInit)
    USART_Cmd                                0x080027c1   Thumb Code    20  stm32f10x_usart.o(i.USART_Cmd)
    USART_Config                             0x080027d5   Thumb Code   168  bsp_usart.o(i.USART_Config)
    USART_GetFlagStatus                      0x08002885   Thumb Code    14  stm32f10x_usart.o(i.USART_GetFlagStatus)
    USART_ITConfig                           0x08002893   Thumb Code    48  stm32f10x_usart.o(i.USART_ITConfig)
    USART_Init                               0x080028c5   Thumb Code   166  stm32f10x_usart.o(i.USART_Init)
    USART_SendData                           0x08002971   Thumb Code     8  stm32f10x_usart.o(i.USART_SendData)
    UsageFault_Handler                       0x08002979   Thumb Code     2  stm32f10x_it.o(i.UsageFault_Handler)
    WriteData2MPU                            0x0800297b   Thumb Code    88  mpu6050.o(i.WriteData2MPU)
    __0printf$6                              0x080029d5   Thumb Code    22  printf6.o(i.__0printf$6)
    __1printf$6                              0x080029d5   Thumb Code     0  printf6.o(i.__0printf$6)
    __2printf                                0x080029d5   Thumb Code     0  printf6.o(i.__0printf$6)
    __0sprintf$6                             0x080029f5   Thumb Code    34  printf6.o(i.__0sprintf$6)
    __1sprintf$6                             0x080029f5   Thumb Code     0  printf6.o(i.__0sprintf$6)
    __2sprintf                               0x080029f5   Thumb Code     0  printf6.o(i.__0sprintf$6)
    __scatterload_copy                       0x08002a1d   Thumb Code    14  handlers.o(i.__scatterload_copy)
    __scatterload_null                       0x08002a2b   Thumb Code     2  handlers.o(i.__scatterload_null)
    __scatterload_zeroinit                   0x08002a2d   Thumb Code    14  handlers.o(i.__scatterload_zeroinit)
    fputc                                    0x08002d89   Thumb Code    30  bsp_usart.o(i.fputc)
    main                                     0x08002e87   Thumb Code    48  main.o(i.main)
    pvPortMalloc                             0x08003601   Thumb Code   146  heap_4.o(i.pvPortMalloc)
    pxPortInitialiseStack                    0x08003699   Thumb Code    32  port.o(i.pxPortInitialiseStack)
    u8g2_ClearBuffer                         0x080036bd   Thumb Code    18  u8g2_buffer.o(i.u8g2_ClearBuffer)
    u8g2_ClearDisplay                        0x080036cf   Thumb Code    30  u8g2_cleardisplay.o(i.u8g2_ClearDisplay)
    u8g2_DrawBox                             0x080036ed   Thumb Code    68  u8g2_box.o(i.u8g2_DrawBox)
    u8g2_DrawFrame                           0x08003731   Thumb Code   136  u8g2_box.o(i.u8g2_DrawFrame)
    u8g2_DrawGlyph                           0x080037b9   Thumb Code   112  u8g2_font.o(i.u8g2_DrawGlyph)
    u8g2_DrawHVLine                          0x08003829   Thumb Code   172  u8g2_hvline.o(i.u8g2_DrawHVLine)
    u8g2_DrawHXBMP                           0x080038d5   Thumb Code   148  u8g2_bitmap.o(i.u8g2_DrawHXBMP)
    u8g2_DrawStr                             0x08003969   Thumb Code    12  u8g2_font.o(i.u8g2_DrawStr)
    u8g2_DrawXBMP                            0x08003979   Thumb Code    76  u8g2_bitmap.o(i.u8g2_DrawXBMP)
    u8g2_FirstPage                           0x080039c5   Thumb Code    28  u8g2_buffer.o(i.u8g2_FirstPage)
    u8g2_IsIntersection                      0x080039e1   Thumb Code    48  u8g2_intersection.o(i.u8g2_IsIntersection)
    u8g2_NextPage                            0x08003a11   Thumb Code    62  u8g2_buffer.o(i.u8g2_NextPage)
    u8g2_SendBuffer                          0x08003a4f   Thumb Code    18  u8g2_buffer.o(i.u8g2_SendBuffer)
    u8g2_SetBufferCurrTileRow                0x08003a61   Thumb Code    28  u8g2_buffer.o(i.u8g2_SetBufferCurrTileRow)
    u8g2_SetFont                             0x08003a7d   Thumb Code    32  u8g2_font.o(i.u8g2_SetFont)
    u8g2_SetFontPosBaseline                  0x08003a9d   Thumb Code     6  u8g2_font.o(i.u8g2_SetFontPosBaseline)
    u8g2_SetMaxClipWindow                    0x08003aa9   Thumb Code    28  u8g2_setup.o(i.u8g2_SetMaxClipWindow)
    u8g2_SetupBuffer                         0x08003ac5   Thumb Code    70  u8g2_setup.o(i.u8g2_SetupBuffer)
    u8g2_Setup_ssd1306_i2c_128x64_noname_f   0x08003b0d   Thumb Code    42  u8g2_d_setup.o(i.u8g2_Setup_ssd1306_i2c_128x64_noname_f)
    u8g2_UpdateRefHeight                     0x08003b45   Thumb Code    82  u8g2_font.o(i.u8g2_UpdateRefHeight)
    u8g2_add_vector_x                        0x08003b97   Thumb Code    28  u8g2_font.o(i.u8g2_add_vector_x)
    u8g2_add_vector_y                        0x08003bb3   Thumb Code    28  u8g2_font.o(i.u8g2_add_vector_y)
    u8g2_draw_hv_line_2dir                   0x08003c79   Thumb Code    18  u8g2_hvline.o(i.u8g2_draw_hv_line_2dir)
    u8g2_draw_l90_r0                         0x08003c8b   Thumb Code    12  u8g2_setup.o(i.u8g2_draw_l90_r0)
    u8g2_font_calc_vref_font                 0x08003d0d   Thumb Code     4  u8g2_font.o(i.u8g2_font_calc_vref_font)
    u8g2_font_decode_get_signed_bits         0x08003d11   Thumb Code    20  u8g2_font.o(i.u8g2_font_decode_get_signed_bits)
    u8g2_font_decode_get_unsigned_bits       0x08003d25   Thumb Code    52  u8g2_font.o(i.u8g2_font_decode_get_unsigned_bits)
    u8g2_font_decode_glyph                   0x08003d59   Thumb Code   276  u8g2_font.o(i.u8g2_font_decode_glyph)
    u8g2_font_decode_len                     0x08003e6d   Thumb Code   140  u8g2_font.o(i.u8g2_font_decode_len)
    u8g2_font_get_glyph_data                 0x08003ef9   Thumb Code   114  u8g2_font.o(i.u8g2_font_get_glyph_data)
    u8g2_gpio_and_delay_stm32                0x08003fb3   Thumb Code    88  myu8g2.o(i.u8g2_gpio_and_delay_stm32)
    u8g2_is_intersection_decision_tree       0x0800400b   Thumb Code    24  u8g2_intersection.o(i.u8g2_is_intersection_decision_tree)
    u8g2_ll_hvline_vertical_top_lsb          0x08004025   Thumb Code   144  u8g2_ll_hvline.o(i.u8g2_ll_hvline_vertical_top_lsb)
    u8g2_m_16_8_f                            0x080040b5   Thumb Code     8  u8g2_d_memory.o(i.u8g2_m_16_8_f)
    u8g2_read_font_info                      0x080040c1   Thumb Code   106  u8g2_font.o(i.u8g2_read_font_info)
    u8g2_update_dimension_r0                 0x080041bf   Thumb Code     4  u8g2_setup.o(i.u8g2_update_dimension_r0)
    u8g2_update_page_win_r0                  0x080041c3   Thumb Code    34  u8g2_setup.o(i.u8g2_update_page_win_r0)
    u8x8_DrawTile                            0x080041e5   Thumb Code    30  u8x8_display.o(i.u8x8_DrawTile)
    u8x8_InitDisplay                         0x08004203   Thumb Code    16  u8x8_display.o(i.u8x8_InitDisplay)
    u8x8_RefreshDisplay                      0x08004213   Thumb Code    16  u8x8_display.o(i.u8x8_RefreshDisplay)
    u8x8_SetPowerSave                        0x08004223   Thumb Code    16  u8x8_display.o(i.u8x8_SetPowerSave)
    u8x8_Setup                               0x08004233   Thumb Code    34  u8x8_setup.o(i.u8x8_Setup)
    u8x8_SetupDefaults                       0x08004255   Thumb Code    32  u8x8_setup.o(i.u8x8_SetupDefaults)
    u8x8_SetupMemory                         0x08004279   Thumb Code    16  u8x8_display.o(i.u8x8_SetupMemory)
    u8x8_ascii_next                          0x08004289   Thumb Code    14  u8x8_8x8.o(i.u8x8_ascii_next)
    u8x8_byte_EndTransfer                    0x08004297   Thumb Code    16  u8x8_byte.o(i.u8x8_byte_EndTransfer)
    u8x8_byte_SendByte                       0x080042a7   Thumb Code    14  u8x8_byte.o(i.u8x8_byte_SendByte)
    u8x8_byte_StartTransfer                  0x080042b5   Thumb Code    16  u8x8_byte.o(i.u8x8_byte_StartTransfer)
    u8x8_byte_sw_i2c                         0x080042c5   Thumb Code   188  u8x8_byte.o(i.u8x8_byte_sw_i2c)
    u8x8_cad_EndTransfer                     0x08004381   Thumb Code    16  u8x8_cad.o(i.u8x8_cad_EndTransfer)
    u8x8_cad_SendArg                         0x08004391   Thumb Code    16  u8x8_cad.o(i.u8x8_cad_SendArg)
    u8x8_cad_SendCmd                         0x080043a1   Thumb Code    16  u8x8_cad.o(i.u8x8_cad_SendCmd)
    u8x8_cad_SendData                        0x080043b1   Thumb Code    16  u8x8_cad.o(i.u8x8_cad_SendData)
    u8x8_cad_SendSequence                    0x080043c1   Thumb Code   104  u8x8_cad.o(i.u8x8_cad_SendSequence)
    u8x8_cad_StartTransfer                   0x08004429   Thumb Code    16  u8x8_cad.o(i.u8x8_cad_StartTransfer)
    u8x8_cad_ssd13xx_fast_i2c                0x08004439   Thumb Code   182  u8x8_cad.o(i.u8x8_cad_ssd13xx_fast_i2c)
    u8x8_d_helper_display_init               0x080044f5   Thumb Code    96  u8x8_display.o(i.u8x8_d_helper_display_init)
    u8x8_d_helper_display_setup_memory       0x08004555   Thumb Code    10  u8x8_display.o(i.u8x8_d_helper_display_setup_memory)
    u8x8_d_ssd1306_128x64_noname             0x08004561   Thumb Code    52  u8x8_d_ssd1306_128x64_noname.o(i.u8x8_d_ssd1306_128x64_noname)
    u8x8_dummy_cb                            0x08004665   Thumb Code     4  u8x8_setup.o(i.u8x8_dummy_cb)
    u8x8_gpio_call                           0x08004669   Thumb Code    12  u8x8_gpio.o(i.u8x8_gpio_call)
    u8x8_utf8_init                           0x080046a1   Thumb Code     8  u8x8_8x8.o(i.u8x8_utf8_init)
    uxListRemove                             0x080046a9   Thumb Code    38  list.o(i.uxListRemove)
    uxTaskGetNumberOfTasks                   0x080046d1   Thumb Code     6  tasks.o(i.uxTaskGetNumberOfTasks)
    vListInitialise                          0x080046dd   Thumb Code    22  list.o(i.vListInitialise)
    vListInitialiseItem                      0x080046f3   Thumb Code     6  list.o(i.vListInitialiseItem)
    vListInsert                              0x080046f9   Thumb Code    48  list.o(i.vListInsert)
    vListInsertEnd                           0x08004729   Thumb Code    24  list.o(i.vListInsertEnd)
    vPortEnterCritical                       0x08004741   Thumb Code    24  port.o(i.vPortEnterCritical)
    vPortExitCritical                        0x0800475d   Thumb Code    16  port.o(i.vPortExitCritical)
    vPortFree                                0x08004771   Thumb Code    64  heap_4.o(i.vPortFree)
    vPortSetupTimerInterrupt                 0x080047b5   Thumb Code    20  port.o(i.vPortSetupTimerInterrupt)
    vQueueAddToRegistry                      0x080047cd   Thumb Code    54  queue.o(i.vQueueAddToRegistry)
    vQueueWaitForMessageRestricted           0x08004809   Thumb Code    68  queue.o(i.vQueueWaitForMessageRestricted)
    vTaskDelay                               0x0800484d   Thumb Code    44  tasks.o(i.vTaskDelay)
    vTaskInternalSetTimeOutState             0x0800487d   Thumb Code    12  tasks.o(i.vTaskInternalSetTimeOutState)
    vTaskMissedYield                         0x0800488d   Thumb Code     8  tasks.o(i.vTaskMissedYield)
    vTaskPlaceOnEventList                    0x08004899   Thumb Code    26  tasks.o(i.vTaskPlaceOnEventList)
    vTaskPlaceOnEventListRestricted          0x080048b9   Thumb Code    58  tasks.o(i.vTaskPlaceOnEventListRestricted)
    vTaskResume                              0x080048f9   Thumb Code   136  tasks.o(i.vTaskResume)
    vTaskStartScheduler                      0x0800498d   Thumb Code    72  tasks.o(i.vTaskStartScheduler)
    vTaskSuspend                             0x080049e5   Thumb Code   154  tasks.o(i.vTaskSuspend)
    vTaskSuspendAll                          0x08004a8d   Thumb Code    10  tasks.o(i.vTaskSuspendAll)
    vTaskSwitchContext                       0x08004a9d   Thumb Code    60  tasks.o(i.vTaskSwitchContext)
    xPortStartScheduler                      0x08004ae1   Thumb Code    38  port.o(i.xPortStartScheduler)
    xQueueGenericCreate                      0x08004b11   Thumb Code    74  queue.o(i.xQueueGenericCreate)
    xQueueGenericReset                       0x08004b5d   Thumb Code   144  queue.o(i.xQueueGenericReset)
    xQueueGenericSend                        0x08004bf1   Thumb Code   272  queue.o(i.xQueueGenericSend)
    xQueueGenericSendFromISR                 0x08004d05   Thumb Code   142  queue.o(i.xQueueGenericSendFromISR)
    xQueueReceive                            0x08004d95   Thumb Code   236  queue.o(i.xQueueReceive)
    xTaskCheckForTimeOut                     0x08004e85   Thumb Code    82  tasks.o(i.xTaskCheckForTimeOut)
    xTaskCreate                              0x08004edd   Thumb Code    92  tasks.o(i.xTaskCreate)
    xTaskGetSchedulerState                   0x08004f39   Thumb Code    22  tasks.o(i.xTaskGetSchedulerState)
    xTaskGetTickCount                        0x08004f55   Thumb Code     6  tasks.o(i.xTaskGetTickCount)
    xTaskIncrementTick                       0x08004f61   Thumb Code   282  tasks.o(i.xTaskIncrementTick)
    xTaskPriorityDisinherit                  0x08005085   Thumb Code   132  tasks.o(i.xTaskPriorityDisinherit)
    xTaskRemoveFromEventList                 0x08005111   Thumb Code   192  tasks.o(i.xTaskRemoveFromEventList)
    xTaskResumeAll                           0x080051d9   Thumb Code   266  tasks.o(i.xTaskResumeAll)
    xTimerCreate                             0x080052f1   Thumb Code    74  timers.o(i.xTimerCreate)
    xTimerCreateTimerTask                    0x0800533d   Thumb Code    44  timers.o(i.xTimerCreateTimerTask)
    xTimerGenericCommand                     0x08005379   Thumb Code    68  timers.o(i.xTimerGenericCommand)
    gImage_lightoff                          0x080053c0   Data         518  myu8g2.o(.constdata)
    gImage_lighton                           0x080055c6   Data         518  myu8g2.o(.constdata)
    gImage_leftMove                          0x080057cc   Data          30  myu8g2.o(.constdata)
    gImage_rightMove                         0x080057ea   Data          30  myu8g2.o(.constdata)
    gImage_lightItem                         0x08005808   Data         120  myu8g2.o(.constdata)
    gImage_ledItem                           0x08005880   Data         120  myu8g2.o(.constdata)
    gImage_servosItem                        0x080058f8   Data         120  myu8g2.o(.constdata)
    gImage_musicItem                         0x08005970   Data         120  myu8g2.o(.constdata)
    gImage_motorItem                         0x080059e8   Data         120  myu8g2.o(.constdata)
    gImage_gyroItem                          0x08005a60   Data         120  myu8g2.o(.constdata)
    gImage_GuYongZhe                         0x08005ad8   Data         259  myu8g2.o(.constdata)
    gImage_DoLaAMeng                         0x08005bdb   Data         266  myu8g2.o(.constdata)
    gImage_XiYangYang                        0x08005ce5   Data         245  myu8g2.o(.constdata)
    u8g2_font_t0_11_tf                       0x08005dda   Data        1994  u8g2_fonts.o(.constdata)
    u8g2_font_fur35_tf                       0x080065a4   Data       10388  u8g2_fonts.o(.constdata)
    u8g2_cb_r0                               0x08008e38   Data          12  u8g2_setup.o(.constdata)
    music_GuYongZhe                          0x08008f9c   Data         484  musictask.o(.constdata)
    music_DoLaAMeng                          0x08009180   Data         224  musictask.o(.constdata)
    music_XiYangYang                         0x08009260   Data         366  musictask.o(.constdata)
    Region$$Table$$Base                      0x080093fc   Number         0  anon$$obj.o(Region$$Table)
    Region$$Table$$Limit                     0x0800941c   Number         0  anon$$obj.o(Region$$Table)
    LeftDown                                 0x20000014   Data           1  main.o(.data)
    RightDown                                0x20000015   Data           1  main.o(.data)
    EnterDown                                0x20000016   Data           1  main.o(.data)
    ExitDown                                 0x20000017   Data           1  main.o(.data)
    pxCurrentTCB                             0x20000018   Data           4  tasks.o(.data)
    uxTopUsedPriority                        0x20000048   Data           4  tasks.o(.data)
    MainClock_TimerHandle                    0x20000094   Data           4  createtask.o(.data)
    MainITF_TaskHandle                       0x20000098   Data           4  createtask.o(.data)
    Keys_QueueHandle                         0x2000009c   Data           4  createtask.o(.data)
    Menu_TaskHandle                          0x200000a0   Data           4  createtask.o(.data)
    Light_TaskHandle                         0x200000a4   Data           4  createtask.o(.data)
    Led_TaskHandle                           0x200000a8   Data           4  createtask.o(.data)
    Servo_TaskHandle                         0x200000ac   Data           4  createtask.o(.data)
    Music_TaskHandle                         0x200000b0   Data           4  createtask.o(.data)
    Motor_TaskHandle                         0x200000b4   Data           4  createtask.o(.data)
    Gyro_TaskHandle                          0x200000b8   Data           4  createtask.o(.data)
    pxHigherPriorityTaskWoken                0x200000bc   Data           4  createtask.o(.data)
    ticks                                    0x200000c0   Data           4  createtask.o(.data)
    lastKeyTime                              0x200000c4   Data           4  createtask.o(.data)
    idNow                                    0x200000c8   Data           1  menutask.o(.data)
    play_index                               0x200000e4   Data           2  musictask.o(.data)
    Music_Sound                              0x200000e6   Data           2  musictask.o(.data)
    __stdout                                 0x200000e8   Data           4  stdout.o(.data)
    u8g2                                     0x200000ec   Data         148  myu8g2.o(.bss)
    xQueueRegistry                           0x20000180   Data          80  queue.o(.bss)
    str_min                                  0x20004ac0   Data          10  createtask.o(.bss)
    str_sec                                  0x20004aca   Data          10  createtask.o(.bss)
    leftMove                                 0x20004ad4   Data          16  menutask.o(.bss)
    rightMove                                0x20004ae4   Data          16  menutask.o(.bss)
    light                                    0x20004af4   Data          16  menutask.o(.bss)
    led                                      0x20004b04   Data          16  menutask.o(.bss)
    servo                                    0x20004b14   Data          16  menutask.o(.bss)
    musicbeep                                0x20004b24   Data          16  menutask.o(.bss)
    motor                                    0x20004b34   Data          16  menutask.o(.bss)
    gyro                                     0x20004b44   Data          16  menutask.o(.bss)
    __initial_sp                             0x20004f58   Data           0  startup_stm32f10x_md.o(STACK)



==============================================================================

Memory Map of the image

  Image Entry point : 0x08000199

  Load Region LR_1 (Base: 0x08000000, Size: 0x00009508, Max: 0xffffffff, ABSOLUTE)

    Execution Region ER_RO (Exec base: 0x08000000, Load base: 0x08000000, Size: 0x0000941c, Max: 0xffffffff, ABSOLUTE)

    Exec Addr    Load Addr    Size         Type   Attr      Idx    E Section Name        Object

    0x08000000   0x08000000   0x000000ec   Data   RO           19    RESET               startup_stm32f10x_md.o
    0x080000ec   0x080000ec   0x00000000   Code   RO         9632  * .ARM.Collect$$$$00000000  mc_w.l(entry.o)
    0x080000ec   0x080000ec   0x00000004   Code   RO         9912    .ARM.Collect$$$$00000001  mc_w.l(entry2.o)
    0x080000f0   0x080000f0   0x00000004   Code   RO         9915    .ARM.Collect$$$$00000004  mc_w.l(entry5.o)
    0x080000f4   0x080000f4   0x00000000   Code   RO         9917    .ARM.Collect$$$$00000008  mc_w.l(entry7b.o)
    0x080000f4   0x080000f4   0x00000000   Code   RO         9919    .ARM.Collect$$$$0000000A  mc_w.l(entry8b.o)
    0x080000f4   0x080000f4   0x00000008   Code   RO         9920    .ARM.Collect$$$$0000000B  mc_w.l(entry9a.o)
    0x080000fc   0x080000fc   0x00000000   Code   RO         9922    .ARM.Collect$$$$0000000D  mc_w.l(entry10a.o)
    0x080000fc   0x080000fc   0x00000000   Code   RO         9924    .ARM.Collect$$$$0000000F  mc_w.l(entry11a.o)
    0x080000fc   0x080000fc   0x00000004   Code   RO         9913    .ARM.Collect$$$$00002712  mc_w.l(entry2.o)
    0x08000100   0x08000100   0x00000096   Code   RO         4605    .emb_text           port.o
    0x08000196   0x08000196   0x00000002   PAD
    0x08000198   0x08000198   0x00000024   Code   RO           20  * .text               startup_stm32f10x_md.o
    0x080001bc   0x080001bc   0x00000024   Code   RO         9635    .text               mc_w.l(memcpya.o)
    0x080001e0   0x080001e0   0x00000024   Code   RO         9637    .text               mc_w.l(memseta.o)
    0x08000204   0x08000204   0x000000e4   Code   RO         9902    .text               mf_w.l(dmul.o)
    0x080002e8   0x080002e8   0x000000de   Code   RO         9904    .text               mf_w.l(ddiv.o)
    0x080003c6   0x080003c6   0x00000022   Code   RO         9906    .text               mf_w.l(dflti.o)
    0x080003e8   0x080003e8   0x0000001a   Code   RO         9908    .text               mf_w.l(dfltui.o)
    0x08000402   0x08000402   0x00000032   Code   RO         9910    .text               mf_w.l(dfixui.o)
    0x08000434   0x08000434   0x0000002c   Code   RO         9927    .text               mc_w.l(uidiv.o)
    0x08000460   0x08000460   0x00000020   Code   RO         9931    .text               mc_w.l(llushr.o)
    0x08000480   0x08000480   0x00000000   Code   RO         9933    .text               mc_w.l(iusefp.o)
    0x08000480   0x08000480   0x000000ba   Code   RO         9934    .text               mf_w.l(depilogue.o)
    0x0800053a   0x0800053a   0x00000002   PAD
    0x0800053c   0x0800053c   0x00000024   Code   RO         9942    .text               mc_w.l(init.o)
    0x08000560   0x08000560   0x0000001e   Code   RO         9944    .text               mc_w.l(llshl.o)
    0x0800057e   0x0800057e   0x00000002   Code   RO         3597    i.BusFault_Handler  stm32f10x_it.o
    0x08000580   0x08000580   0x00000188   Code   RO         9348    i.CreateAllTask     createtask.o
    0x08000708   0x08000708   0x00000002   Code   RO         3598    i.DebugMon_Handler  stm32f10x_it.o
    0x0800070a   0x0800070a   0x00000016   Code   RO         3173    i.Delay_ms          delay.o
    0x08000720   0x08000720   0x00000016   Code   RO         3174    i.Delay_s           delay.o
    0x08000736   0x08000736   0x00000020   Code   RO         3175    i.Delay_us          delay.o
    0x08000756   0x08000756   0x00000002   PAD
    0x08000758   0x08000758   0x00000104   Code   RO         9449    i.DrawUI            menutask.o
    0x0800085c   0x0800085c   0x00000060   Code   RO         9349    i.EXTI0_IRQHandler  createtask.o
    0x080008bc   0x080008bc   0x000000b8   Code   RO         9350    i.EXTI15_10_IRQHandler  createtask.o
    0x08000974   0x08000974   0x00000060   Code   RO         9351    i.EXTI1_IRQHandler  createtask.o
    0x080009d4   0x080009d4   0x0000000c   Code   RO          980    i.EXTI_ClearITPendingBit  stm32f10x_exti.o
    0x080009e0   0x080009e0   0x00000020   Code   RO          984    i.EXTI_GetITStatus  stm32f10x_exti.o
    0x08000a00   0x08000a00   0x00000070   Code   RO          985    i.EXTI_Init         stm32f10x_exti.o
    0x08000a70   0x08000a70   0x00000018   Code   RO         1053    i.FLASH_PrefetchBufferCmd  stm32f10x_flash.o
    0x08000a88   0x08000a88   0x00000014   Code   RO         1058    i.FLASH_SetLatency  stm32f10x_flash.o
    0x08000a9c   0x08000a9c   0x00000028   Code   RO         1337    i.GPIO_EXTILineConfig  stm32f10x_gpio.o
    0x08000ac4   0x08000ac4   0x000000a2   Code   RO         1340    i.GPIO_Init         stm32f10x_gpio.o
    0x08000b66   0x08000b66   0x0000000e   Code   RO         1344    i.GPIO_ReadInputDataBit  stm32f10x_gpio.o
    0x08000b74   0x08000b74   0x00000004   Code   RO         1348    i.GPIO_SetBits      stm32f10x_gpio.o
    0x08000b78   0x08000b78   0x0000000a   Code   RO         1351    i.GPIO_WriteBit     stm32f10x_gpio.o
    0x08000b82   0x08000b82   0x00000092   Code   RO         3449    i.GetMPU_Data       mpu6050.o
    0x08000c14   0x08000c14   0x0000002c   Code   RO         9352    i.GetMinStr         createtask.o
    0x08000c40   0x08000c40   0x00000024   Code   RO         9353    i.GetSecStr         createtask.o
    0x08000c64   0x08000c64   0x000000a0   Code   RO         9611    i.Get_AvrData       gyrotask.o
    0x08000d04   0x08000d04   0x00000190   Code   RO         9612    i.Gyro_Task         gyrotask.o
    0x08000e94   0x08000e94   0x00000002   Code   RO         3599    i.HardFault_Handler  stm32f10x_it.o
    0x08000e96   0x08000e96   0x00000002   PAD
    0x08000e98   0x08000e98   0x000000e0   Code   RO         9450    i.InitAllItems      menutask.o
    0x08000f78   0x08000f78   0x00000018   Code   RO         9451    i.InitItem          menutask.o
    0x08000f90   0x08000f90   0x0000011c   Code   RO         9452    i.ItemMove_Left     menutask.o
    0x080010ac   0x080010ac   0x0000011c   Code   RO         9453    i.ItemMove_Right    menutask.o
    0x080011c8   0x080011c8   0x00000104   Code   RO         3488    i.KeyPortInit       main.o
    0x080012cc   0x080012cc   0x00000028   Code   RO         3489    i.LedPortInit       main.o
    0x080012f4   0x080012f4   0x00000184   Code   RO         9523    i.Led_Task          ledtask.o
    0x08001478   0x08001478   0x00000030   Code   RO         9496    i.LightOff          lighttask.o
    0x080014a8   0x080014a8   0x0000003c   Code   RO         9497    i.LightOn           lighttask.o
    0x080014e4   0x080014e4   0x00000074   Code   RO         9524    i.LightTwinkle      ledtask.o
    0x08001558   0x08001558   0x00000078   Code   RO         9498    i.Light_Task        lighttask.o
    0x080015d0   0x080015d0   0x00000040   Code   RO         3451    i.MPU_Init          mpu6050.o
    0x08001610   0x08001610   0x00000010   Code   RO         9354    i.MainClock_Callback  createtask.o
    0x08001620   0x08001620   0x000000f0   Code   RO         9433    i.MainITF_Task      mainitf.o
    0x08001710   0x08001710   0x00000002   Code   RO         3600    i.MemManage_Handler  stm32f10x_it.o
    0x08001712   0x08001712   0x00000002   PAD
    0x08001714   0x08001714   0x00000114   Code   RO         9454    i.Menu_Task         menutask.o
    0x08001828   0x08001828   0x000000a8   Code   RO         3490    i.MotorPortInit     main.o
    0x080018d0   0x080018d0   0x0000011c   Code   RO         9590    i.Motor_Task        motortask.o
    0x080019ec   0x080019ec   0x0000009c   Code   RO         3491    i.MusicPortInit     main.o
    0x08001a88   0x08001a88   0x00000144   Code   RO         9559    i.Music_Task        musictask.o
    0x08001bcc   0x08001bcc   0x00000022   Code   RO         3247    i.MyI2C_End         myi2c.o
    0x08001bee   0x08001bee   0x00000002   PAD
    0x08001bf0   0x08001bf0   0x00000038   Code   RO         3248    i.MyI2C_Init        myi2c.o
    0x08001c28   0x08001c28   0x0000002a   Code   RO         3249    i.MyI2C_RecArc      myi2c.o
    0x08001c52   0x08001c52   0x00000042   Code   RO         3250    i.MyI2C_RecData     myi2c.o
    0x08001c94   0x08001c94   0x0000000c   Code   RO         3252    i.MyI2C_SCL_W       myi2c.o
    0x08001ca0   0x08001ca0   0x0000000c   Code   RO         3253    i.MyI2C_SDA_R       myi2c.o
    0x08001cac   0x08001cac   0x0000000c   Code   RO         3254    i.MyI2C_SDA_W       myi2c.o
    0x08001cb8   0x08001cb8   0x0000001c   Code   RO         3255    i.MyI2C_SendArc     myi2c.o
    0x08001cd4   0x08001cd4   0x00000038   Code   RO         3256    i.MyI2C_SendData    myi2c.o
    0x08001d0c   0x08001d0c   0x0000002a   Code   RO         3257    i.MyI2C_Start       myi2c.o
    0x08001d36   0x08001d36   0x00000002   PAD
    0x08001d38   0x08001d38   0x00000040   Code   RO         3375    i.MyU8G2_Init       myu8g2.o
    0x08001d78   0x08001d78   0x00000010   Code   RO         3376    i.MyU8G2_SetFontBig  myu8g2.o
    0x08001d88   0x08001d88   0x00000010   Code   RO         3377    i.MyU8G2_SetFontTiny  myu8g2.o
    0x08001d98   0x08001d98   0x00000002   Code   RO         3601    i.NMI_Handler       stm32f10x_it.o
    0x08001d9a   0x08001d9a   0x00000002   PAD
    0x08001d9c   0x08001d9c   0x00000064   Code   RO          132    i.NVIC_Init         misc.o
    0x08001e00   0x08001e00   0x00000014   Code   RO          133    i.NVIC_PriorityGroupConfig  misc.o
    0x08001e14   0x08001e14   0x0000011c   Code   RO         9560    i.PlayMusic         musictask.o
    0x08001f30   0x08001f30   0x00000018   Code   RO         1768    i.RCC_APB1PeriphClockCmd  stm32f10x_rcc.o
    0x08001f48   0x08001f48   0x00000018   Code   RO         1770    i.RCC_APB2PeriphClockCmd  stm32f10x_rcc.o
    0x08001f60   0x08001f60   0x00000040   Code   RO         1777    i.RCC_DeInit        stm32f10x_rcc.o
    0x08001fa0   0x08001fa0   0x00000090   Code   RO         1778    i.RCC_GetClocksFreq  stm32f10x_rcc.o
    0x08002030   0x08002030   0x00000030   Code   RO         1779    i.RCC_GetFlagStatus  stm32f10x_rcc.o
    0x08002060   0x08002060   0x00000010   Code   RO         1781    i.RCC_GetSYSCLKSource  stm32f10x_rcc.o
    0x08002070   0x08002070   0x00000014   Code   RO         1782    i.RCC_HCLKConfig    stm32f10x_rcc.o
    0x08002084   0x08002084   0x00000034   Code   RO         1783    i.RCC_HSEConfig     stm32f10x_rcc.o
    0x080020b8   0x080020b8   0x00000062   Code   RO         3232    i.RCC_HSE_Configuration  rcc.o
    0x0800211a   0x0800211a   0x00000002   PAD
    0x0800211c   0x0800211c   0x00000014   Code   RO         1789    i.RCC_PCLK1Config   stm32f10x_rcc.o
    0x08002130   0x08002130   0x00000014   Code   RO         1790    i.RCC_PCLK2Config   stm32f10x_rcc.o
    0x08002144   0x08002144   0x0000000c   Code   RO         1791    i.RCC_PLLCmd        stm32f10x_rcc.o
    0x08002150   0x08002150   0x00000014   Code   RO         1792    i.RCC_PLLConfig     stm32f10x_rcc.o
    0x08002164   0x08002164   0x00000014   Code   RO         1795    i.RCC_SYSCLKConfig  stm32f10x_rcc.o
    0x08002178   0x08002178   0x0000002c   Code   RO         1797    i.RCC_WaitForHSEStartUp  stm32f10x_rcc.o
    0x080021a4   0x080021a4   0x00000070   Code   RO         3452    i.ReadDataFromMPU   mpu6050.o
    0x08002214   0x08002214   0x00000094   Code   RO         3492    i.ServoPortInit     main.o
    0x080022a8   0x080022a8   0x00000118   Code   RO         9541    i.Servo_Task        servotask.o
    0x080023c0   0x080023c0   0x00000034   Code   RO         9542    i.SetAngle          servotask.o
    0x080023f4   0x080023f4   0x00000068   Code   RO         9561    i.SetBeep           musictask.o
    0x0800245c   0x0800245c   0x000000a8   Code   RO           24    i.SetSysClockTo72   system_stm32f10x.o
    0x08002504   0x08002504   0x0000007c   Code   RO         9591    i.SetVecocity       motortask.o
    0x08002580   0x08002580   0x0000002c   Code   RO         4606    i.SysTick_Handler   port.o
    0x080025ac   0x080025ac   0x00000050   Code   RO           26    i.SystemInit        system_stm32f10x.o
    0x080025fc   0x080025fc   0x00000014   Code   RO         2411    i.TIM_Cmd           stm32f10x_tim.o
    0x08002610   0x08002610   0x0000000a   Code   RO         2438    i.TIM_InternalClockConfig  stm32f10x_tim.o
    0x0800261a   0x0800261a   0x00000002   PAD
    0x0800261c   0x0800261c   0x00000080   Code   RO         2440    i.TIM_OC1Init       stm32f10x_tim.o
    0x0800269c   0x0800269c   0x00000064   Code   RO         2455    i.TIM_OC4Init       stm32f10x_tim.o
    0x08002700   0x08002700   0x00000014   Code   RO         2458    i.TIM_OCStructInit  stm32f10x_tim.o
    0x08002714   0x08002714   0x00000004   Code   RO         2470    i.TIM_SetAutoreload  stm32f10x_tim.o
    0x08002718   0x08002718   0x00000004   Code   RO         2472    i.TIM_SetCompare1   stm32f10x_tim.o
    0x0800271c   0x0800271c   0x00000006   Code   RO         2475    i.TIM_SetCompare4   stm32f10x_tim.o
    0x08002722   0x08002722   0x00000002   PAD
    0x08002724   0x08002724   0x0000009c   Code   RO         2482    i.TIM_TimeBaseInit  stm32f10x_tim.o
    0x080027c0   0x080027c0   0x00000014   Code   RO         2937    i.USART_Cmd         stm32f10x_usart.o
    0x080027d4   0x080027d4   0x000000b0   Code   RO         3320    i.USART_Config      bsp_usart.o
    0x08002884   0x08002884   0x0000000e   Code   RO         2940    i.USART_GetFlagStatus  stm32f10x_usart.o
    0x08002892   0x08002892   0x00000030   Code   RO         2943    i.USART_ITConfig    stm32f10x_usart.o
    0x080028c2   0x080028c2   0x00000002   PAD
    0x080028c4   0x080028c4   0x000000ac   Code   RO         2944    i.USART_Init        stm32f10x_usart.o
    0x08002970   0x08002970   0x00000008   Code   RO         2954    i.USART_SendData    stm32f10x_usart.o
    0x08002978   0x08002978   0x00000002   Code   RO         3602    i.UsageFault_Handler  stm32f10x_it.o
    0x0800297a   0x0800297a   0x00000058   Code   RO         3453    i.WriteData2MPU     mpu6050.o
    0x080029d2   0x080029d2   0x00000002   PAD
    0x080029d4   0x080029d4   0x00000020   Code   RO         9796    i.__0printf$6       mc_w.l(printf6.o)
    0x080029f4   0x080029f4   0x00000028   Code   RO         9798    i.__0sprintf$6      mc_w.l(printf6.o)
    0x08002a1c   0x08002a1c   0x0000000e   Code   RO         9950    i.__scatterload_copy  mc_w.l(handlers.o)
    0x08002a2a   0x08002a2a   0x00000002   Code   RO         9951    i.__scatterload_null  mc_w.l(handlers.o)
    0x08002a2c   0x08002a2c   0x0000000e   Code   RO         9952    i.__scatterload_zeroinit  mc_w.l(handlers.o)
    0x08002a3a   0x08002a3a   0x00000002   PAD
    0x08002a3c   0x08002a3c   0x000002f0   Code   RO         9803    i._printf_core      mc_w.l(printf6.o)
    0x08002d2c   0x08002d2c   0x00000024   Code   RO         9804    i._printf_post_padding  mc_w.l(printf6.o)
    0x08002d50   0x08002d50   0x0000002e   Code   RO         9805    i._printf_pre_padding  mc_w.l(printf6.o)
    0x08002d7e   0x08002d7e   0x0000000a   Code   RO         9807    i._sputc            mc_w.l(printf6.o)
    0x08002d88   0x08002d88   0x00000024   Code   RO         3326    i.fputc             bsp_usart.o
    0x08002dac   0x08002dac   0x00000008   Code   RO         8550    i.i2c_clear_scl     u8x8_byte.o
    0x08002db4   0x08002db4   0x00000008   Code   RO         8551    i.i2c_clear_sda     u8x8_byte.o
    0x08002dbc   0x08002dbc   0x0000000a   Code   RO         8552    i.i2c_delay         u8x8_byte.o
    0x08002dc6   0x08002dc6   0x00000016   Code   RO         8553    i.i2c_read_scl_and_delay  u8x8_byte.o
    0x08002ddc   0x08002ddc   0x00000008   Code   RO         8554    i.i2c_read_sda      u8x8_byte.o
    0x08002de4   0x08002de4   0x00000026   Code   RO         8555    i.i2c_write_bit     u8x8_byte.o
    0x08002e0a   0x08002e0a   0x0000007c   Code   RO         8556    i.i2c_write_byte    u8x8_byte.o
    0x08002e86   0x08002e86   0x00000030   Code   RO         3493    i.main              main.o
    0x08002eb6   0x08002eb6   0x00000002   PAD
    0x08002eb8   0x08002eb8   0x00000088   Code   RO         4129    i.prvAddCurrentTaskToDelayedList  tasks.o
    0x08002f40   0x08002f40   0x000000f0   Code   RO         4130    i.prvAddNewTaskToReadyList  tasks.o
    0x08003030   0x08003030   0x00000050   Code   RO         4476    i.prvCheckForValidListAndQueue  timers.o
    0x08003080   0x08003080   0x00000026   Code   RO         3786    i.prvCopyDataFromQueue  queue.o
    0x080030a6   0x080030a6   0x0000006c   Code   RO         3787    i.prvCopyDataToQueue  queue.o
    0x08003112   0x08003112   0x00000014   Code   RO         4131    i.prvDeleteTCB      tasks.o
    0x08003126   0x08003126   0x00000002   PAD
    0x08003128   0x08003128   0x00000044   Code   RO         4676    i.prvHeapInit       heap_4.o
    0x0800316c   0x0800316c   0x00000060   Code   RO         4132    i.prvIdleTask       tasks.o
    0x080031cc   0x080031cc   0x00000072   Code   RO         4133    i.prvInitialiseNewTask  tasks.o
    0x0800323e   0x0800323e   0x00000002   PAD
    0x08003240   0x08003240   0x0000004c   Code   RO         4677    i.prvInsertBlockIntoFreeList  heap_4.o
    0x0800328c   0x0800328c   0x00000038   Code   RO         4477    i.prvInsertTimerInActiveList  timers.o
    0x080032c4   0x080032c4   0x0000001c   Code   RO         3788    i.prvIsQueueEmpty   queue.o
    0x080032e0   0x080032e0   0x0000004c   Code   RO         3789    i.prvNotifyQueueSetContainer  queue.o
    0x0800332c   0x0800332c   0x00000040   Code   RO         4478    i.prvProcessExpiredTimer  timers.o
    0x0800336c   0x0800336c   0x000000d0   Code   RO         4479    i.prvProcessReceivedCommands  timers.o
    0x0800343c   0x0800343c   0x0000006c   Code   RO         4480    i.prvProcessTimerOrBlockTask  timers.o
    0x080034a8   0x080034a8   0x00000028   Code   RO         4481    i.prvReloadTimer    timers.o
    0x080034d0   0x080034d0   0x0000001c   Code   RO         4134    i.prvResetNextTaskUnblockTime  tasks.o
    0x080034ec   0x080034ec   0x00000048   Code   RO         4482    i.prvSampleTimeNow  timers.o
    0x08003534   0x08003534   0x00000010   Code   RO         4607    i.prvTaskExitError  port.o
    0x08003544   0x08003544   0x00000020   Code   RO         4135    i.prvTaskIsTaskSuspended  tasks.o
    0x08003564   0x08003564   0x00000024   Code   RO         4483    i.prvTimerTask      timers.o
    0x08003588   0x08003588   0x00000076   Code   RO         3790    i.prvUnlockQueue    queue.o
    0x080035fe   0x080035fe   0x00000002   PAD
    0x08003600   0x08003600   0x00000098   Code   RO         4679    i.pvPortMalloc      heap_4.o
    0x08003698   0x08003698   0x00000024   Code   RO         4608    i.pxPortInitialiseStack  port.o
    0x080036bc   0x080036bc   0x00000012   Code   RO         5439    i.u8g2_ClearBuffer  u8g2_buffer.o
    0x080036ce   0x080036ce   0x0000001e   Code   RO         5603    i.u8g2_ClearDisplay  u8g2_cleardisplay.o
    0x080036ec   0x080036ec   0x00000044   Code   RO         5409    i.u8g2_DrawBox      u8g2_box.o
    0x08003730   0x08003730   0x00000088   Code   RO         5410    i.u8g2_DrawFrame    u8g2_box.o
    0x080037b8   0x080037b8   0x00000070   Code   RO         5642    i.u8g2_DrawGlyph    u8g2_font.o
    0x08003828   0x08003828   0x000000ac   Code   RO         7897    i.u8g2_DrawHVLine   u8g2_hvline.o
    0x080038d4   0x080038d4   0x00000094   Code   RO         5363    i.u8g2_DrawHXBMP    u8g2_bitmap.o
    0x08003968   0x08003968   0x00000010   Code   RO         5644    i.u8g2_DrawStr      u8g2_font.o
    0x08003978   0x08003978   0x0000004c   Code   RO         5366    i.u8g2_DrawXBMP     u8g2_bitmap.o
    0x080039c4   0x080039c4   0x0000001c   Code   RO         5440    i.u8g2_FirstPage    u8g2_buffer.o
    0x080039e0   0x080039e0   0x00000030   Code   RO         7958    i.u8g2_IsIntersection  u8g2_intersection.o
    0x08003a10   0x08003a10   0x0000003e   Code   RO         5441    i.u8g2_NextPage     u8g2_buffer.o
    0x08003a4e   0x08003a4e   0x00000012   Code   RO         5442    i.u8g2_SendBuffer   u8g2_buffer.o
    0x08003a60   0x08003a60   0x0000001c   Code   RO         5443    i.u8g2_SetBufferCurrTileRow  u8g2_buffer.o
    0x08003a7c   0x08003a7c   0x00000020   Code   RO         5660    i.u8g2_SetFont      u8g2_font.o
    0x08003a9c   0x08003a9c   0x0000000c   Code   RO         5663    i.u8g2_SetFontPosBaseline  u8g2_font.o
    0x08003aa8   0x08003aa8   0x0000001c   Code   RO         8146    i.u8g2_SetMaxClipWindow  u8g2_setup.o
    0x08003ac4   0x08003ac4   0x00000046   Code   RO         8147    i.u8g2_SetupBuffer  u8g2_setup.o
    0x08003b0a   0x08003b0a   0x00000002   PAD
    0x08003b0c   0x08003b0c   0x00000038   Code   RO         5628    i.u8g2_Setup_ssd1306_i2c_128x64_noname_f  u8g2_d_setup.o
    0x08003b44   0x08003b44   0x00000052   Code   RO         5670    i.u8g2_UpdateRefHeight  u8g2_font.o
    0x08003b96   0x08003b96   0x0000001c   Code   RO         5671    i.u8g2_add_vector_x  u8g2_font.o
    0x08003bb2   0x08003bb2   0x0000001c   Code   RO         5672    i.u8g2_add_vector_y  u8g2_font.o
    0x08003bce   0x08003bce   0x0000006e   Code   RO         8149    i.u8g2_apply_clip_window  u8g2_setup.o
    0x08003c3c   0x08003c3c   0x0000003c   Code   RO         7901    i.u8g2_clip_intersection2  u8g2_hvline.o
    0x08003c78   0x08003c78   0x00000012   Code   RO         7902    i.u8g2_draw_hv_line_2dir  u8g2_hvline.o
    0x08003c8a   0x08003c8a   0x0000000c   Code   RO         8151    i.u8g2_draw_l90_r0  u8g2_setup.o
    0x08003c96   0x08003c96   0x00000076   Code   RO         5673    i.u8g2_draw_string  u8g2_font.o
    0x08003d0c   0x08003d0c   0x00000004   Code   RO         5679    i.u8g2_font_calc_vref_font  u8g2_font.o
    0x08003d10   0x08003d10   0x00000014   Code   RO         5681    i.u8g2_font_decode_get_signed_bits  u8g2_font.o
    0x08003d24   0x08003d24   0x00000034   Code   RO         5682    i.u8g2_font_decode_get_unsigned_bits  u8g2_font.o
    0x08003d58   0x08003d58   0x00000114   Code   RO         5683    i.u8g2_font_decode_glyph  u8g2_font.o
    0x08003e6c   0x08003e6c   0x0000008c   Code   RO         5684    i.u8g2_font_decode_len  u8g2_font.o
    0x08003ef8   0x08003ef8   0x00000072   Code   RO         5685    i.u8g2_font_get_glyph_data  u8g2_font.o
    0x08003f6a   0x08003f6a   0x00000014   Code   RO         5686    i.u8g2_font_get_word  u8g2_font.o
    0x08003f7e   0x08003f7e   0x00000034   Code   RO         5687    i.u8g2_font_setup_decode  u8g2_font.o
    0x08003fb2   0x08003fb2   0x00000058   Code   RO         3378    i.u8g2_gpio_and_delay_stm32  myu8g2.o
    0x0800400a   0x0800400a   0x00000018   Code   RO         7959    i.u8g2_is_intersection_decision_tree  u8g2_intersection.o
    0x08004022   0x08004022   0x00000002   PAD
    0x08004024   0x08004024   0x00000090   Code   RO         8007    i.u8g2_ll_hvline_vertical_top_lsb  u8g2_ll_hvline.o
    0x080040b4   0x080040b4   0x0000000c   Code   RO         5615    i.u8g2_m_16_8_f     u8g2_d_memory.o
    0x080040c0   0x080040c0   0x0000006a   Code   RO         5688    i.u8g2_read_font_info  u8g2_font.o
    0x0800412a   0x0800412a   0x0000004e   Code   RO         5450    i.u8g2_send_buffer  u8g2_buffer.o
    0x08004178   0x08004178   0x00000046   Code   RO         8156    i.u8g2_update_dimension_common  u8g2_setup.o
    0x080041be   0x080041be   0x00000004   Code   RO         8157    i.u8g2_update_dimension_r0  u8g2_setup.o
    0x080041c2   0x080041c2   0x00000022   Code   RO         8161    i.u8g2_update_page_win_r0  u8g2_setup.o
    0x080041e4   0x080041e4   0x0000001e   Code   RO         8929    i.u8x8_DrawTile     u8x8_display.o
    0x08004202   0x08004202   0x00000010   Code   RO         8931    i.u8x8_InitDisplay  u8x8_display.o
    0x08004212   0x08004212   0x00000010   Code   RO         8933    i.u8x8_RefreshDisplay  u8x8_display.o
    0x08004222   0x08004222   0x00000010   Code   RO         8936    i.u8x8_SetPowerSave  u8x8_display.o
    0x08004232   0x08004232   0x00000022   Code   RO         9235    i.u8x8_Setup        u8x8_setup.o
    0x08004254   0x08004254   0x00000024   Code   RO         9236    i.u8x8_SetupDefaults  u8x8_setup.o
    0x08004278   0x08004278   0x00000010   Code   RO         8937    i.u8x8_SetupMemory  u8x8_display.o
    0x08004288   0x08004288   0x0000000e   Code   RO         8435    i.u8x8_ascii_next   u8x8_8x8.o
    0x08004296   0x08004296   0x00000010   Code   RO         8561    i.u8x8_byte_EndTransfer  u8x8_byte.o
    0x080042a6   0x080042a6   0x0000000e   Code   RO         8562    i.u8x8_byte_SendByte  u8x8_byte.o
    0x080042b4   0x080042b4   0x00000010   Code   RO         8565    i.u8x8_byte_StartTransfer  u8x8_byte.o
    0x080042c4   0x080042c4   0x000000bc   Code   RO         8570    i.u8x8_byte_sw_i2c  u8x8_byte.o
    0x08004380   0x08004380   0x00000010   Code   RO         8681    i.u8x8_cad_EndTransfer  u8x8_cad.o
    0x08004390   0x08004390   0x00000010   Code   RO         8682    i.u8x8_cad_SendArg  u8x8_cad.o
    0x080043a0   0x080043a0   0x00000010   Code   RO         8683    i.u8x8_cad_SendCmd  u8x8_cad.o
    0x080043b0   0x080043b0   0x00000010   Code   RO         8684    i.u8x8_cad_SendData  u8x8_cad.o
    0x080043c0   0x080043c0   0x00000068   Code   RO         8686    i.u8x8_cad_SendSequence  u8x8_cad.o
    0x08004428   0x08004428   0x00000010   Code   RO         8687    i.u8x8_cad_StartTransfer  u8x8_cad.o
    0x08004438   0x08004438   0x000000bc   Code   RO         8690    i.u8x8_cad_ssd13xx_fast_i2c  u8x8_cad.o
    0x080044f4   0x080044f4   0x00000060   Code   RO         8938    i.u8x8_d_helper_display_init  u8x8_display.o
    0x08004554   0x08004554   0x0000000a   Code   RO         8939    i.u8x8_d_helper_display_setup_memory  u8x8_display.o
    0x0800455e   0x0800455e   0x00000002   PAD
    0x08004560   0x08004560   0x0000003c   Code   RO         8863    i.u8x8_d_ssd1306_128x64_noname  u8x8_d_ssd1306_128x64_noname.o
    0x0800459c   0x0800459c   0x000000c8   Code   RO         8865    i.u8x8_d_ssd1306_sh1106_generic  u8x8_d_ssd1306_128x64_noname.o
    0x08004664   0x08004664   0x00000004   Code   RO         9238    i.u8x8_dummy_cb     u8x8_setup.o
    0x08004668   0x08004668   0x0000000c   Code   RO         9157    i.u8x8_gpio_call    u8x8_gpio.o
    0x08004674   0x08004674   0x0000002c   Code   RO         8698    i.u8x8_i2c_data_transfer  u8x8_cad.o
    0x080046a0   0x080046a0   0x00000008   Code   RO         8443    i.u8x8_utf8_init    u8x8_8x8.o
    0x080046a8   0x080046a8   0x00000026   Code   RO         3746    i.uxListRemove      list.o
    0x080046ce   0x080046ce   0x00000002   PAD
    0x080046d0   0x080046d0   0x0000000c   Code   RO         4139    i.uxTaskGetNumberOfTasks  tasks.o
    0x080046dc   0x080046dc   0x00000016   Code   RO         3747    i.vListInitialise   list.o
    0x080046f2   0x080046f2   0x00000006   Code   RO         3748    i.vListInitialiseItem  list.o
    0x080046f8   0x080046f8   0x00000030   Code   RO         3749    i.vListInsert       list.o
    0x08004728   0x08004728   0x00000018   Code   RO         3750    i.vListInsertEnd    list.o
    0x08004740   0x08004740   0x0000001c   Code   RO         4610    i.vPortEnterCritical  port.o
    0x0800475c   0x0800475c   0x00000014   Code   RO         4611    i.vPortExitCritical  port.o
    0x08004770   0x08004770   0x00000044   Code   RO         4680    i.vPortFree         heap_4.o
    0x080047b4   0x080047b4   0x00000018   Code   RO         4612    i.vPortSetupTimerInterrupt  port.o
    0x080047cc   0x080047cc   0x0000003c   Code   RO         3794    i.vQueueAddToRegistry  queue.o
    0x08004808   0x08004808   0x00000044   Code   RO         3797    i.vQueueWaitForMessageRestricted  queue.o
    0x0800484c   0x0800484c   0x00000030   Code   RO         4143    i.vTaskDelay        tasks.o
    0x0800487c   0x0800487c   0x00000010   Code   RO         4147    i.vTaskInternalSetTimeOutState  tasks.o
    0x0800488c   0x0800488c   0x0000000c   Code   RO         4148    i.vTaskMissedYield  tasks.o
    0x08004898   0x08004898   0x00000020   Code   RO         4149    i.vTaskPlaceOnEventList  tasks.o
    0x080048b8   0x080048b8   0x00000040   Code   RO         4150    i.vTaskPlaceOnEventListRestricted  tasks.o
    0x080048f8   0x080048f8   0x00000094   Code   RO         4155    i.vTaskResume       tasks.o
    0x0800498c   0x0800498c   0x00000058   Code   RO         4158    i.vTaskStartScheduler  tasks.o
    0x080049e4   0x080049e4   0x000000a8   Code   RO         4159    i.vTaskSuspend      tasks.o
    0x08004a8c   0x08004a8c   0x00000010   Code   RO         4160    i.vTaskSuspendAll   tasks.o
    0x08004a9c   0x08004a9c   0x00000044   Code   RO         4161    i.vTaskSwitchContext  tasks.o
    0x08004ae0   0x08004ae0   0x00000030   Code   RO         4613    i.xPortStartScheduler  port.o
    0x08004b10   0x08004b10   0x0000004a   Code   RO         3802    i.xQueueGenericCreate  queue.o
    0x08004b5a   0x08004b5a   0x00000002   PAD
    0x08004b5c   0x08004b5c   0x00000094   Code   RO         3803    i.xQueueGenericReset  queue.o
    0x08004bf0   0x08004bf0   0x00000114   Code   RO         3804    i.xQueueGenericSend  queue.o
    0x08004d04   0x08004d04   0x0000008e   Code   RO         3805    i.xQueueGenericSendFromISR  queue.o
    0x08004d92   0x08004d92   0x00000002   PAD
    0x08004d94   0x08004d94   0x000000f0   Code   RO         3811    i.xQueueReceive     queue.o
    0x08004e84   0x08004e84   0x00000058   Code   RO         4164    i.xTaskCheckForTimeOut  tasks.o
    0x08004edc   0x08004edc   0x0000005c   Code   RO         4165    i.xTaskCreate       tasks.o
    0x08004f38   0x08004f38   0x0000001c   Code   RO         4174    i.xTaskGetSchedulerState  tasks.o
    0x08004f54   0x08004f54   0x0000000c   Code   RO         4175    i.xTaskGetTickCount  tasks.o
    0x08004f60   0x08004f60   0x00000124   Code   RO         4177    i.xTaskIncrementTick  tasks.o
    0x08005084   0x08005084   0x0000008c   Code   RO         4178    i.xTaskPriorityDisinherit  tasks.o
    0x08005110   0x08005110   0x000000c8   Code   RO         4180    i.xTaskRemoveFromEventList  tasks.o
    0x080051d8   0x080051d8   0x00000118   Code   RO         4181    i.xTaskResumeAll    tasks.o
    0x080052f0   0x080052f0   0x0000004a   Code   RO         4488    i.xTimerCreate      timers.o
    0x0800533a   0x0800533a   0x00000002   PAD
    0x0800533c   0x0800533c   0x0000003c   Code   RO         4489    i.xTimerCreateTimerTask  timers.o
    0x08005378   0x08005378   0x00000048   Code   RO         4490    i.xTimerGenericCommand  timers.o
    0x080053c0   0x080053c0   0x00000206   Data   RO         3381    .constdata          myu8g2.o
    0x080055c6   0x080055c6   0x00000206   Data   RO         3382    .constdata          myu8g2.o
    0x080057cc   0x080057cc   0x0000001e   Data   RO         3383    .constdata          myu8g2.o
    0x080057ea   0x080057ea   0x0000001e   Data   RO         3384    .constdata          myu8g2.o
    0x08005808   0x08005808   0x00000078   Data   RO         3385    .constdata          myu8g2.o
    0x08005880   0x08005880   0x00000078   Data   RO         3386    .constdata          myu8g2.o
    0x080058f8   0x080058f8   0x00000078   Data   RO         3387    .constdata          myu8g2.o
    0x08005970   0x08005970   0x00000078   Data   RO         3388    .constdata          myu8g2.o
    0x080059e8   0x080059e8   0x00000078   Data   RO         3389    .constdata          myu8g2.o
    0x08005a60   0x08005a60   0x00000078   Data   RO         3390    .constdata          myu8g2.o
    0x08005ad8   0x08005ad8   0x00000103   Data   RO         3391    .constdata          myu8g2.o
    0x08005bdb   0x08005bdb   0x0000010a   Data   RO         3392    .constdata          myu8g2.o
    0x08005ce5   0x08005ce5   0x000000f5   Data   RO         3393    .constdata          myu8g2.o
    0x08005dda   0x08005dda   0x000007ca   Data   RO         6162    .constdata          u8g2_fonts.o
    0x080065a4   0x080065a4   0x00002894   Data   RO         7646    .constdata          u8g2_fonts.o
    0x08008e38   0x08008e38   0x0000000c   Data   RO         8165    .constdata          u8g2_setup.o
    0x08008e44   0x08008e44   0x00000158   Data   RO         8867    .constdata          u8x8_d_ssd1306_128x64_noname.o
    0x08008f9c   0x08008f9c   0x00000432   Data   RO         9562    .constdata          musictask.o
    0x080093ce   0x080093ce   0x00000002   PAD
    0x080093d0   0x080093d0   0x0000002a   Data   RO         9456    .conststring        menutask.o
    0x080093fa   0x080093fa   0x00000002   PAD
    0x080093fc   0x080093fc   0x00000020   Data   RO         9948    Region$$Table       anon$$obj.o


    Execution Region ER_RW (Exec base: 0x20000000, Load base: 0x0800941c, Size: 0x000000ec, Max: 0xffffffff, ABSOLUTE)

    Exec Addr    Load Addr    Size         Type   Attr      Idx    E Section Name        Object

    0x20000000   0x0800941c   0x00000014   Data   RW         1798    .data               stm32f10x_rcc.o
    0x20000014   0x08009430   0x00000001   Data   RW         3494    .data               main.o
    0x20000015   0x08009431   0x00000001   Data   RW         3495    .data               main.o
    0x20000016   0x08009432   0x00000001   Data   RW         3496    .data               main.o
    0x20000017   0x08009433   0x00000001   Data   RW         3497    .data               main.o
    0x20000018   0x08009434   0x00000040   Data   RW         4184    .data               tasks.o
    0x20000058   0x08009474   0x00000014   Data   RW         4497    .data               timers.o
    0x2000006c   0x08009488   0x00000004   Data   RW         4614    .data               port.o
    0x20000070   0x0800948c   0x0000001c   Data   RW         4686    .data               heap_4.o
    0x2000008c   0x080094a8   0x00000006   Data   RW         8700    .data               u8x8_cad.o
    0x20000092   0x080094ae   0x00000002   PAD
    0x20000094   0x080094b0   0x00000034   Data   RW         9356    .data               createtask.o
    0x200000c8   0x080094e4   0x0000001c   Data   RW         9457    .data               menutask.o
    0x200000e4   0x08009500   0x00000004   Data   RW         9563    .data               musictask.o
    0x200000e8   0x08009504   0x00000004   Data   RW         9926    .data               mc_w.l(stdout.o)


    Execution Region ER_ZI (Exec base: 0x200000ec, Load base: 0x08009508, Size: 0x00004e6c, Max: 0xffffffff, ABSOLUTE)

    Exec Addr    Load Addr    Size         Type   Attr      Idx    E Section Name        Object

    0x200000ec        -       0x00000094   Zero   RW         3379    .bss                myu8g2.o
    0x20000180        -       0x00000050   Zero   RW         3817    .bss                queue.o
    0x200001d0        -       0x000000c8   Zero   RW         4183    .bss                tasks.o
    0x20000298        -       0x00000028   Zero   RW         4496    .bss                timers.o
    0x200002c0        -       0x00004400   Zero   RW         4685    .bss                heap_4.o
    0x200046c0        -       0x00000400   Zero   RW         5616    .bss                u8g2_d_memory.o
    0x20004ac0        -       0x00000014   Zero   RW         9355    .bss                createtask.o
    0x20004ad4        -       0x00000080   Zero   RW         9455    .bss                menutask.o
    0x20004b54   0x08009508   0x00000004   PAD
    0x20004b58        -       0x00000400   Zero   RW           17    STACK               startup_stm32f10x_md.o


==============================================================================

Image component sizes


      Code (inc. data)   RO Data    RW Data    ZI Data      Debug   Object Name

       212         14          0          0          0       2836   bsp_usart.o
         0          0          0          0          0       4540   core_cm3.o
       864        294          0         52         20       5353   createtask.o
        76          0          0          0          0       1590   delay.o
         0          0          0          0          0      14484   event_groups.o
       560         70          0          0          0       2290   gyrotask.o
       364         22          0         28      17408       4455   heap_4.o
       504        150          0          0          0       1110   ledtask.o
       228         36          0          0          0       1886   lighttask.o
       138          0          0          0          0       2898   list.o
       820         34          0          4          0      22923   main.o
       240         50          0          0          0        563   mainitf.o
      1352        140         42         28        128       4644   menutask.o
       120         16          0          0          0     206755   misc.o
       408         94          0          0          0       1175   motortask.o
       410          0          0          0          0       2699   mpu6050.o
         0          0          0          0          0     159141   mui_u8g2.o
       712        116       1074          4          0       2973   musictask.o
       360         16          0          0          0       5709   myi2c.o
       184         34       2586          0        148     163099   myu8g2.o
       366         44          0          4          0       8832   port.o
      1376         18          0          0         80      15362   queue.o
        98          0          0          0          0        476   rcc.o
       332        106          0          0          0       1524   servotask.o
        36          8        236          0       1024        768   startup_stm32f10x_md.o
         0          0          0          0          0       1636   stm32f10x_adc.o
       156         14          0          0          0       4060   stm32f10x_exti.o
        44         12          0          0          0        957   stm32f10x_flash.o
       230          6          0          0          0      12229   stm32f10x_gpio.o
        12          0          0          0          0       2365   stm32f10x_it.o
       528         88          0         20          0      18306   stm32f10x_rcc.o
       448         74          0          0          0      26413   stm32f10x_tim.o
       262          6          0          0          0      10521   stm32f10x_usart.o
       248         24          0          0          0      44753   system_stm32f10x.o
      2470        188          0         64        200      32284   tasks.o
       870         82          0         20         40      11636   timers.o
       224          0          0          0          0       1921   u8g2_bitmap.o
       204          0          0          0          0       1304   u8g2_box.o
       232          0          0          0          0       3788   u8g2_buffer.o
        30          0          0          0          0        512   u8g2_cleardisplay.o
        12          4          0          0       1024        732   u8g2_d_memory.o
        56         14          0          0          0        937   u8g2_d_setup.o
      1212         10          0          0          0      12768   u8g2_font.o
         0          0      12382          0          0     145246   u8g2_fonts.o
       250          0          0          0          0       2247   u8g2_hvline.o
        72          0          0          0          0       1727   u8g2_intersection.o
       144          0          0          0          0       1270   u8g2_ll_hvline.o
       328          0         12          0          0     146230   u8g2_setup.o
        22          0          0          0          0       1665   u8x8_8x8.o
       452          0          0          0          0       6062   u8x8_byte.o
       416         12          0          6          0       8112   u8x8_cad.o
       260         12        344          0          0       2887   u8x8_d_ssd1306_128x64_noname.o
       200          0          0          0          0       3898   u8x8_display.o
        12          0          0          0          0        529   u8x8_gpio.o
        74          4          0          0          0       1578   u8x8_setup.o

    ----------------------------------------------------------------------
     19274       1812      16712        232      20076    1146658   Object Totals
         0          0         32          0          0          0   (incl. Generated)
        46          0          4          2          4          0   (incl. Padding)

    ----------------------------------------------------------------------

      Code (inc. data)   RO Data    RW Data    ZI Data      Debug   Library Member Name

         0          0          0          0          0          0   entry.o
         0          0          0          0          0          0   entry10a.o
         0          0          0          0          0          0   entry11a.o
         8          4          0          0          0          0   entry2.o
         4          0          0          0          0          0   entry5.o
         0          0          0          0          0          0   entry7b.o
         0          0          0          0          0          0   entry8b.o
         8          4          0          0          0          0   entry9a.o
        30          0          0          0          0          0   handlers.o
        36          8          0          0          0         68   init.o
         0          0          0          0          0          0   iusefp.o
        30          0          0          0          0         68   llshl.o
        32          0          0          0          0         68   llushr.o
        36          0          0          0          0         68   memcpya.o
        36          0          0          0          0        108   memseta.o
       916         20          0          0          0        504   printf6.o
         0          0          0          4          0          0   stdout.o
        44          0          0          0          0         80   uidiv.o
       222          0          0          0          0        100   ddiv.o
       186          0          0          0          0        176   depilogue.o
        50          0          0          0          0         76   dfixui.o
        34          0          0          0          0         76   dflti.o
        26          0          0          0          0         76   dfltui.o
       228          0          0          0          0         96   dmul.o

    ----------------------------------------------------------------------
      1930         36          0          4          0       1564   Library Totals
         4          0          0          0          0          0   (incl. Padding)

    ----------------------------------------------------------------------

      Code (inc. data)   RO Data    RW Data    ZI Data      Debug   Library Name

      1180         36          0          4          0        964   mc_w.l
       746          0          0          0          0        600   mf_w.l

    ----------------------------------------------------------------------
      1930         36          0          4          0       1564   Library Totals

    ----------------------------------------------------------------------

==============================================================================


      Code (inc. data)   RO Data    RW Data    ZI Data      Debug   

     21204       1848      16712        236      20076    1134802   Grand Totals
     21204       1848      16712        236      20076    1134802   ELF Image Totals
     21204       1848      16712        236          0          0   ROM Totals

==============================================================================

    Total RO  Size (Code + RO Data)                37916 (  37.03kB)
    Total RW  Size (RW Data + ZI Data)             20312 (  19.84kB)
    Total ROM Size (Code + RO Data + RW Data)      38152 (  37.26kB)

==============================================================================

