<html>
<body>
<pre>
<h1>µVision Build Log</h1>
<h2>Tool Versions:</h2>
IDE-Version: ¶ÃVision V5.24.2.0
Copyright (C) 2017 ARM Ltd and ARM Germany GmbH. All rights reserved.
License Information: leo llll, 121, LIC=KRMW3-AWLKP-UHC8H-W8ZS8-IWFZ1-PU2PC
 
Tool Versions:
Toolchain:       MDK-ARM Plus  Version: 5.24.1
Toolchain Path:  G:\DATA\keil\ARM\ARMCC\Bin
C Compiler:      Armcc.exe V5.06 update 5 (build 528)
Assembler:       Armasm.exe V5.06 update 5 (build 528)
Linker/Locator:  ArmLink.exe V5.06 update 5 (build 528)
Library Manager: ArmAr.exe V5.06 update 5 (build 528)
Hex Converter:   FromElf.exe V5.06 update 5 (build 528)
CPU DLL:         SARMCM3.DLL V5.24.1
Dialog DLL:      DCM.DLL V1.16.0.0
Target DLL:      STLink\ST-LINKIII-KEIL_SWO.dll V3.0.1.0
Dialog DLL:      TCM.DLL V1.32.0.0
 
<h2>Project:</h2>
G:\DATA\«∂»Î Ω\U8G2_DEMO\U8G2_DEMO\HellowWorld.uvprojx
Project File Date:  08/17/2024

<h2>Output:</h2>
*** Using Compiler 'V5.06 update 5 (build 528)', folder: 'G:\DATA\keil\ARM\ARMCC\Bin'
Rebuild target 'Target 1'
assembling startup_stm32f10x_md.s...
compiling core_cm3.c...
compiling system_stm32f10x.c...
compiling misc.c...
compiling stm32f10x_adc.c...
compiling stm32f10x_bkp.c...
compiling stm32f10x_can.c...
compiling stm32f10x_cec.c...
compiling stm32f10x_crc.c...
compiling stm32f10x_dac.c...
compiling stm32f10x_dbgmcu.c...
compiling stm32f10x_dma.c...
compiling stm32f10x_exti.c...
compiling stm32f10x_flash.c...
compiling stm32f10x_fsmc.c...
compiling stm32f10x_gpio.c...
compiling stm32f10x_i2c.c...
compiling stm32f10x_iwdg.c...
compiling stm32f10x_pwr.c...
compiling stm32f10x_rcc.c...
compiling stm32f10x_rtc.c...
compiling stm32f10x_sdio.c...
compiling stm32f10x_spi.c...
compiling stm32f10x_usart.c...
compiling stm32f10x_tim.c...
compiling stm32f10x_wwdg.c...
compiling Delay.c...
compiling Timer.c...
compiling Dma.c...
System\Dma.c(24): warning:  #1-D: last line of file ends without a newline
  }
System\Dma.c: 1 warning, 0 errors
compiling RCC.c...
System\RCC.h(5): warning:  #1-D: last line of file ends without a newline
  #endif
System\RCC.c: 1 warning, 0 errors
compiling MyI2C.c...
compiling bsp_usart.c...
compiling MyU8G2.c...
HardWare\MyU8G2.h(7): warning:  #1295-D: Deprecated declaration MyU8G2_Init - give arg types
  void MyU8G2_Init();
HardWare\MyU8G2.h(8): warning:  #1295-D: Deprecated declaration MyU8G2_SetFontBig - give arg types
  void MyU8G2_SetFontBig();
HardWare\MyU8G2.h(9): warning:  #1295-D: Deprecated declaration MyU8G2_SetFontTiny - give arg types
  void MyU8G2_SetFontTiny();
HardWare\MyU8G2.h(28): warning:  #1-D: last line of file ends without a newline
  #endif
HardWare\MyU8G2.c: 4 warnings, 0 errors
compiling MPU6050.c...
compiling croutine.c...
compiling stm32f10x_it.c...
compiling event_groups.c...
compiling main.c...
.\Tasks\CreateTask.h(24): warning:  #1295-D: Deprecated declaration CreateAllTask - give arg types
  void CreateAllTask();
.\Tasks\CreateTask.h(26): warning:  #1-D: last line of file ends without a newline
  #endif
.\System\RCC.h(5): warning:  #1-D: last line of file ends without a newline
  #endif
.\HardWare\MyU8G2.h(7): warning:  #1295-D: Deprecated declaration MyU8G2_Init - give arg types
  void MyU8G2_Init();
.\HardWare\MyU8G2.h(8): warning:  #1295-D: Deprecated declaration MyU8G2_SetFontBig - give arg types
  void MyU8G2_SetFontBig();
.\HardWare\MyU8G2.h(9): warning:  #1295-D: Deprecated declaration MyU8G2_SetFontTiny - give arg types
  void MyU8G2_SetFontTiny();
.\HardWare\MyU8G2.h(28): warning:  #1-D: last line of file ends without a newline
  #endif
User\main.h(19): warning:  #1-D: last line of file ends without a newline
  #endif
.\HardWare\MPU6050.h(5): warning:  #1295-D: Deprecated declaration MPU_Init - give arg types
  void MPU_Init();
.\HardWare\MPU6050.h(8): warning:  #1295-D: Deprecated declaration GetMPU_ID - give arg types
  uint8_t GetMPU_ID();
.\HardWare\MPU6050.h(13): warning:  #1-D: last line of file ends without a newline
  #endif
User\main.c: 11 warnings, 0 errors
compiling list.c...
compiling queue.c...
compiling stream_buffer.c...
compiling timers.c...
compiling port.c...
compiling tasks.c...
compiling heap_4.c...
compiling mui.c...
U8G2\mui.c(590): warning:  #177-D: function "mui_task_read_nth_selectable_field"  was declared but never referenced
  static uint8_t mui_task_read_nth_selectable_field(mui_t *ui)
U8G2\mui.c: 1 warning, 0 errors
compiling u8g2_arc.c...
compiling u8g2_bitmap.c...
compiling mui_u8g2.c...
compiling u8g2_box.c...
compiling u8g2_buffer.c...
compiling u8g2_button.c...
compiling u8g2_circle.c...
compiling u8g2_cleardisplay.c...
compiling u8g2_d_memory.c...
U8G2\u8g2_d_memory.c(13): warning:  #1-D: last line of file ends without a newline
  }
U8G2\u8g2_d_memory.c: 1 warning, 0 errors
compiling u8g2_d_setup.c...
U8G2\u8g2_d_setup.c(11): warning:  #1-D: last line of file ends without a newline
  }
U8G2\u8g2_d_setup.c: 1 warning, 0 errors
compiling u8g2_font.c...
compiling u8g2_hvline.c...
compiling u8g2_input_value.c...
compiling u8g2_intersection.c...
compiling u8g2_kerning.c...
compiling u8g2_line.c...
compiling u8g2_ll_hvline.c...
compiling u8g2_message.c...
compiling u8g2_selection_list.c...
compiling u8g2_polygon.c...
compiling u8log.c...
compiling u8g2_setup.c...
U8G2\u8g2_setup.c(469): warning:  #1-D: last line of file ends without a newline
    
U8G2\u8g2_setup.c: 1 warning, 0 errors
compiling u8log_u8g2.c...
compiling u8log_u8x8.c...
compiling u8x8_byte.c...
compiling u8x8_8x8.c...
compiling u8x8_capture.c...
U8G2\u8x8_capture.c(254): warning:  #1-D: last line of file ends without a newline
  #endif
U8G2\u8x8_capture.c: 1 warning, 0 errors
compiling u8x8_cad.c...
compiling u8x8_d_ssd1306_128x64_noname.c...
compiling u8x8_debounce.c...
compiling u8x8_display.c...
U8G2\u8x8_display.c(203): warning:  #1-D: last line of file ends without a newline
  }
U8G2\u8x8_display.c: 1 warning, 0 errors
compiling u8x8_gpio.c...
U8G2\u8x8_gpio.c(50): warning:  #1-D: last line of file ends without a newline
  */
U8G2\u8x8_gpio.c: 1 warning, 0 errors
compiling u8x8_fonts.c...
compiling u8x8_input_value.c...
compiling u8x8_message.c...
compiling u8x8_setup.c...
compiling u8x8_selection_list.c...
compiling u8x8_string.c...
compiling u8x8_u8toa.c...
compiling u8x8_u16toa.c...
U8G2\u8x8_u16toa.c(77): warning:  #1-D: last line of file ends without a newline
  }
U8G2\u8x8_u16toa.c: 1 warning, 0 errors
compiling CreateTask.c...
.\HardWare\MyU8G2.h(7): warning:  #1295-D: Deprecated declaration MyU8G2_Init - give arg types
  void MyU8G2_Init();
.\HardWare\MyU8G2.h(8): warning:  #1295-D: Deprecated declaration MyU8G2_SetFontBig - give arg types
  void MyU8G2_SetFontBig();
.\HardWare\MyU8G2.h(9): warning:  #1295-D: Deprecated declaration MyU8G2_SetFontTiny - give arg types
  void MyU8G2_SetFontTiny();
.\HardWare\MyU8G2.h(28): warning:  #1-D: last line of file ends without a newline
  #endif
.\User\main.h(19): warning:  #1-D: last line of file ends without a newline
  #endif
Tasks\CreateTask.h(24): warning:  #1295-D: Deprecated declaration CreateAllTask - give arg types
  void CreateAllTask();
Tasks\CreateTask.h(26): warning:  #1-D: last line of file ends without a newline
  #endif
Tasks\MainITF.h(6): warning:  #1-D: last line of file ends without a newline
  #endif
Tasks\MenuTask.h(16): warning:  #1295-D: Deprecated declaration Init_AllItem - give arg types
  void Init_AllItem();
Tasks\MenuTask.h(19): warning:  #1-D: last line of file ends without a newline
  #endif
Tasks\LightTask.h(4): warning:  #1295-D: Deprecated declaration LightOn - give arg types
  void LightOn();
Tasks\LightTask.h(5): warning:  #1295-D: Deprecated declaration LightOff - give arg types
  void LightOff();
Tasks\LightTask.h(8): warning:  #1-D: last line of file ends without a newline
  #endif
Tasks\ServoTask.h(6): warning:  #1-D: last line of file ends without a newline
  #endif
Tasks\MusicTask.h(41): warning:  #1-D: last line of file ends without a newline
  #endif
Tasks\MotorTask.h(7): warning:  #1-D: last line of file ends without a newline
  #endif
Tasks\GyroTask.h(8): warning:  #1-D: last line of file ends without a newline
  #endif
Tasks\CreateTask.c(41): warning:  #1295-D: Deprecated declaration KeysSend_Task - give arg types
  void KeysSend_Task();
Tasks\CreateTask.c(42): warning:  #1295-D: Deprecated declaration KeysReceive_Task - give arg types
  void KeysReceive_Task();
Tasks\CreateTask.c: 19 warnings, 0 errors
compiling u8g2_fonts.c...
compiling MainITF.c...
.\HardWare\MyU8G2.h(7): warning:  #1295-D: Deprecated declaration MyU8G2_Init - give arg types
  void MyU8G2_Init();
.\HardWare\MyU8G2.h(8): warning:  #1295-D: Deprecated declaration MyU8G2_SetFontBig - give arg types
  void MyU8G2_SetFontBig();
.\HardWare\MyU8G2.h(9): warning:  #1295-D: Deprecated declaration MyU8G2_SetFontTiny - give arg types
  void MyU8G2_SetFontTiny();
.\HardWare\MyU8G2.h(28): warning:  #1-D: last line of file ends without a newline
  #endif
Tasks\CreateTask.h(24): warning:  #1295-D: Deprecated declaration CreateAllTask - give arg types
  void CreateAllTask();
Tasks\CreateTask.h(26): warning:  #1-D: last line of file ends without a newline
  #endif
.\User\main.h(19): warning:  #1-D: last line of file ends without a newline
  #endif
Tasks\MainITF.c: 7 warnings, 0 errors
compiling LightTask.c...
.\HardWare\MyU8G2.h(7): warning:  #1295-D: Deprecated declaration MyU8G2_Init - give arg types
  void MyU8G2_Init();
.\HardWare\MyU8G2.h(8): warning:  #1295-D: Deprecated declaration MyU8G2_SetFontBig - give arg types
  void MyU8G2_SetFontBig();
.\HardWare\MyU8G2.h(9): warning:  #1295-D: Deprecated declaration MyU8G2_SetFontTiny - give arg types
  void MyU8G2_SetFontTiny();
.\HardWare\MyU8G2.h(28): warning:  #1-D: last line of file ends without a newline
  #endif
Tasks\CreateTask.h(24): warning:  #1295-D: Deprecated declaration CreateAllTask - give arg types
  void CreateAllTask();
Tasks\CreateTask.h(26): warning:  #1-D: last line of file ends without a newline
  #endif
.\User\main.h(19): warning:  #1-D: last line of file ends without a newline
  #endif
Tasks\LightTask.c: 7 warnings, 0 errors
compiling LedTask.c...
.\HardWare\MyU8G2.h(7): warning:  #1295-D: Deprecated declaration MyU8G2_Init - give arg types
  void MyU8G2_Init();
.\HardWare\MyU8G2.h(8): warning:  #1295-D: Deprecated declaration MyU8G2_SetFontBig - give arg types
  void MyU8G2_SetFontBig();
.\HardWare\MyU8G2.h(9): warning:  #1295-D: Deprecated declaration MyU8G2_SetFontTiny - give arg types
  void MyU8G2_SetFontTiny();
.\HardWare\MyU8G2.h(28): warning:  #1-D: last line of file ends without a newline
  #endif
Tasks\CreateTask.h(24): warning:  #1295-D: Deprecated declaration CreateAllTask - give arg types
  void CreateAllTask();
Tasks\CreateTask.h(26): warning:  #1-D: last line of file ends without a newline
  #endif
.\User\main.h(19): warning:  #1-D: last line of file ends without a newline
  #endif
Tasks\LedTask.c(20): warning:  #188-D: enumerated type mixed with another type
  			GPIO_WriteBit(
PIOA, 
PIO_Pin_0, 1);
Tasks\LedTask.c(21): warning:  #188-D: enumerated type mixed with another type
  			GPIO_WriteBit(
PIOA, 
PIO_Pin_1, 0);
Tasks\LedTask.c(24): warning:  #188-D: enumerated type mixed with another type
  			GPIO_WriteBit(
PIOA, 
PIO_Pin_0, 0);
Tasks\LedTask.c(25): warning:  #188-D: enumerated type mixed with another type
  			GPIO_WriteBit(
PIOA, 
PIO_Pin_1, 1);
Tasks\LedTask.c(30): warning:  #188-D: enumerated type mixed with another type
  			GPIO_WriteBit(
PIOA, 
PIO_Pin_0, 0);
Tasks\LedTask.c(31): warning:  #188-D: enumerated type mixed with another type
  			GPIO_WriteBit(
PIOA, 
PIO_Pin_1, 0);
Tasks\LedTask.c(72): warning:  #188-D: enumerated type mixed with another type
  			GPIO_WriteBit(
PIOA, 
PIO_Pin_0, Flag);
Tasks\LedTask.c(78): warning:  #188-D: enumerated type mixed with another type
  			GPIO_WriteBit(
PIOA, 
PIO_Pin_1, Flag);
Tasks\LedTask.c: 15 warnings, 0 errors
compiling MenuTask.c...
.\HardWare\MyU8G2.h(7): warning:  #1295-D: Deprecated declaration MyU8G2_Init - give arg types
  void MyU8G2_Init();
.\HardWare\MyU8G2.h(8): warning:  #1295-D: Deprecated declaration MyU8G2_SetFontBig - give arg types
  void MyU8G2_SetFontBig();
.\HardWare\MyU8G2.h(9): warning:  #1295-D: Deprecated declaration MyU8G2_SetFontTiny - give arg types
  void MyU8G2_SetFontTiny();
.\HardWare\MyU8G2.h(28): warning:  #1-D: last line of file ends without a newline
  #endif
Tasks\CreateTask.h(24): warning:  #1295-D: Deprecated declaration CreateAllTask - give arg types
  void CreateAllTask();
Tasks\CreateTask.h(26): warning:  #1-D: last line of file ends without a newline
  #endif
.\User\main.h(19): warning:  #1-D: last line of file ends without a newline
  #endif
Tasks\MenuTask.h(16): warning:  #1295-D: Deprecated declaration Init_AllItem - give arg types
  void Init_AllItem();
Tasks\MenuTask.h(19): warning:  #1-D: last line of file ends without a newline
  #endif
Tasks\MenuTask.c(24): warning:  #68-D: integer conversion resulted in a change of sign
  	InitItem(&leftMove,  -1, 0,   10, 23, 10, gImage_leftMove);
Tasks\MenuTask.c(25): warning:  #68-D: integer conversion resulted in a change of sign
  	InitItem(&rightMove, -1, 104, 10, 23, 10, gImage_rightMove);
Tasks\MenuTask.c(199): warning:  #1-D: last line of file ends without a newline
  }
Tasks\MenuTask.c: 12 warnings, 0 errors
compiling ServoTask.c...
.\HardWare\MyU8G2.h(7): warning:  #1295-D: Deprecated declaration MyU8G2_Init - give arg types
  void MyU8G2_Init();
.\HardWare\MyU8G2.h(8): warning:  #1295-D: Deprecated declaration MyU8G2_SetFontBig - give arg types
  void MyU8G2_SetFontBig();
.\HardWare\MyU8G2.h(9): warning:  #1295-D: Deprecated declaration MyU8G2_SetFontTiny - give arg types
  void MyU8G2_SetFontTiny();
.\HardWare\MyU8G2.h(28): warning:  #1-D: last line of file ends without a newline
  #endif
Tasks\CreateTask.h(24): warning:  #1295-D: Deprecated declaration CreateAllTask - give arg types
  void CreateAllTask();
Tasks\CreateTask.h(26): warning:  #1-D: last line of file ends without a newline
  #endif
.\User\main.h(19): warning:  #1-D: last line of file ends without a newline
  #endif
Tasks\ServoTask.c(57): warning:  #1-D: last line of file ends without a newline
  }
Tasks\ServoTask.c: 8 warnings, 0 errors
compiling MusicTask.c...
.\HardWare\MyU8G2.h(7): warning:  #1295-D: Deprecated declaration MyU8G2_Init - give arg types
  void MyU8G2_Init();
.\HardWare\MyU8G2.h(8): warning:  #1295-D: Deprecated declaration MyU8G2_SetFontBig - give arg types
  void MyU8G2_SetFontBig();
.\HardWare\MyU8G2.h(9): warning:  #1295-D: Deprecated declaration MyU8G2_SetFontTiny - give arg types
  void MyU8G2_SetFontTiny();
.\HardWare\MyU8G2.h(28): warning:  #1-D: last line of file ends without a newline
  #endif
Tasks\CreateTask.h(24): warning:  #1295-D: Deprecated declaration CreateAllTask - give arg types
  void CreateAllTask();
Tasks\CreateTask.h(26): warning:  #1-D: last line of file ends without a newline
  #endif
.\User\main.h(19): warning:  #1-D: last line of file ends without a newline
  #endif
Tasks\MusicTask.h(41): warning:  #1-D: last line of file ends without a newline
  #endif
Tasks\MusicTask.c(227): warning:  #1-D: last line of file ends without a newline
  }
Tasks\MusicTask.c(172): warning:  #177-D: variable "musicIndex"  was declared but never referenced
  	uint16_t musicIndex;
Tasks\MusicTask.c: 10 warnings, 0 errors
compiling MotorTask.c...
.\HardWare\MyU8G2.h(7): warning:  #1295-D: Deprecated declaration MyU8G2_Init - give arg types
  void MyU8G2_Init();
.\HardWare\MyU8G2.h(8): warning:  #1295-D: Deprecated declaration MyU8G2_SetFontBig - give arg types
  void MyU8G2_SetFontBig();
.\HardWare\MyU8G2.h(9): warning:  #1295-D: Deprecated declaration MyU8G2_SetFontTiny - give arg types
  void MyU8G2_SetFontTiny();
.\HardWare\MyU8G2.h(28): warning:  #1-D: last line of file ends without a newline
  #endif
Tasks\CreateTask.h(24): warning:  #1295-D: Deprecated declaration CreateAllTask - give arg types
  void CreateAllTask();
Tasks\CreateTask.h(26): warning:  #1-D: last line of file ends without a newline
  #endif
.\User\main.h(19): warning:  #1-D: last line of file ends without a newline
  #endif
Tasks\MotorTask.c(17): warning:  #188-D: enumerated type mixed with another type
  		GPIO_WriteBit(
PIOA, 
PIO_Pin_4, 1);
Tasks\MotorTask.c(18): warning:  #188-D: enumerated type mixed with another type
  		GPIO_WriteBit(
PIOA, 
PIO_Pin_5, 1);
Tasks\MotorTask.c(22): warning:  #188-D: enumerated type mixed with another type
  		GPIO_WriteBit(
PIOA, 
PIO_Pin_4, 1);
Tasks\MotorTask.c(23): warning:  #188-D: enumerated type mixed with another type
  		GPIO_WriteBit(
PIOA, 
PIO_Pin_5, 0);
Tasks\MotorTask.c(29): warning:  #188-D: enumerated type mixed with another type
  		GPIO_WriteBit(
PIOA, 
PIO_Pin_4, 0);
Tasks\MotorTask.c(30): warning:  #188-D: enumerated type mixed with another type
  		GPIO_WriteBit(
PIOA, 
PIO_Pin_5, 1);
Tasks\MotorTask.c(80): warning:  #1-D: last line of file ends without a newline
  }
Tasks\MotorTask.c: 14 warnings, 0 errors
compiling GyroTask.c...
.\HardWare\MyU8G2.h(7): warning:  #1295-D: Deprecated declaration MyU8G2_Init - give arg types
  void MyU8G2_Init();
.\HardWare\MyU8G2.h(8): warning:  #1295-D: Deprecated declaration MyU8G2_SetFontBig - give arg types
  void MyU8G2_SetFontBig();
.\HardWare\MyU8G2.h(9): warning:  #1295-D: Deprecated declaration MyU8G2_SetFontTiny - give arg types
  void MyU8G2_SetFontTiny();
.\HardWare\MyU8G2.h(28): warning:  #1-D: last line of file ends without a newline
  #endif
Tasks\CreateTask.h(24): warning:  #1295-D: Deprecated declaration CreateAllTask - give arg types
  void CreateAllTask();
Tasks\CreateTask.h(26): warning:  #1-D: last line of file ends without a newline
  #endif
.\User\main.h(19): warning:  #1-D: last line of file ends without a newline
  #endif
.\HardWare\MPU6050.h(5): warning:  #1295-D: Deprecated declaration MPU_Init - give arg types
  void MPU_Init();
.\HardWare\MPU6050.h(8): warning:  #1295-D: Deprecated declaration GetMPU_ID - give arg types
  uint8_t GetMPU_ID();
.\HardWare\MPU6050.h(13): warning:  #1-D: last line of file ends without a newline
  #endif
Tasks\GyroTask.c(97): warning:  #1-D: last line of file ends without a newline
  }
Tasks\GyroTask.c: 11 warnings, 0 errors
linking...
Program Size: Code=21204 RO-data=16712 RW-data=236 ZI-data=20076  
".\Objects\HellowWorld.axf" - 0 Error(s), 128 Warning(s).

<h2>Software Packages used:</h2>

Package Vendor: Keil
                http://www.keil.com/pack/Keil.STM32F1xx_DFP.2.2.0.pack
                Keil.STM32F1xx_DFP.2.2.0
                STMicroelectronics STM32F1 Series Device Support, Drivers and Examples

<h2>Collection of Component include folders:</h2>
  .\RTE\_Target_1
  G:\DATA\keil\ARM\PACK\Keil\STM32F1xx_DFP\2.2.0\Device\Include

<h2>Collection of Component Files used:</h2>
Build Time Elapsed:  00:00:22
</pre>
</body>
</html>
